Archive member included to satisfy reference by file (symbol)

c:/st/stm32cubeide_1.4.0/stm32cubeide/plugins/com.st.stm32cube.ide.mcu.externaltools.gnu-tools-for-stm32.7-2018-q2-update.win32_1.4.0.202007081208/tools/bin/../lib/gcc/arm-none-eabi/7.3.1/../../../../arm-none-eabi/lib/thumb/v7e-m/fpv4-sp/hard\libc_nano.a(lib_a-errno.o)
                              Core/Src/syscalls.o (__errno)
c:/st/stm32cubeide_1.4.0/stm32cubeide/plugins/com.st.stm32cube.ide.mcu.externaltools.gnu-tools-for-stm32.7-2018-q2-update.win32_1.4.0.202007081208/tools/bin/../lib/gcc/arm-none-eabi/7.3.1/../../../../arm-none-eabi/lib/thumb/v7e-m/fpv4-sp/hard\libc_nano.a(lib_a-exit.o)
                              c:/st/stm32cubeide_1.4.0/stm32cubeide/plugins/com.st.stm32cube.ide.mcu.externaltools.gnu-tools-for-stm32.7-2018-q2-update.win32_1.4.0.202007081208/tools/bin/../lib/gcc/arm-none-eabi/7.3.1/../../../../arm-none-eabi/lib/thumb/v7e-m/fpv4-sp/hard/crt0.o (exit)
c:/st/stm32cubeide_1.4.0/stm32cubeide/plugins/com.st.stm32cube.ide.mcu.externaltools.gnu-tools-for-stm32.7-2018-q2-update.win32_1.4.0.202007081208/tools/bin/../lib/gcc/arm-none-eabi/7.3.1/../../../../arm-none-eabi/lib/thumb/v7e-m/fpv4-sp/hard\libc_nano.a(lib_a-impure.o)
                              c:/st/stm32cubeide_1.4.0/stm32cubeide/plugins/com.st.stm32cube.ide.mcu.externaltools.gnu-tools-for-stm32.7-2018-q2-update.win32_1.4.0.202007081208/tools/bin/../lib/gcc/arm-none-eabi/7.3.1/../../../../arm-none-eabi/lib/thumb/v7e-m/fpv4-sp/hard\libc_nano.a(lib_a-exit.o) (_global_impure_ptr)
c:/st/stm32cubeide_1.4.0/stm32cubeide/plugins/com.st.stm32cube.ide.mcu.externaltools.gnu-tools-for-stm32.7-2018-q2-update.win32_1.4.0.202007081208/tools/bin/../lib/gcc/arm-none-eabi/7.3.1/../../../../arm-none-eabi/lib/thumb/v7e-m/fpv4-sp/hard\libc_nano.a(lib_a-init.o)
                              c:/st/stm32cubeide_1.4.0/stm32cubeide/plugins/com.st.stm32cube.ide.mcu.externaltools.gnu-tools-for-stm32.7-2018-q2-update.win32_1.4.0.202007081208/tools/bin/../lib/gcc/arm-none-eabi/7.3.1/../../../../arm-none-eabi/lib/thumb/v7e-m/fpv4-sp/hard/crt0.o (__libc_init_array)
c:/st/stm32cubeide_1.4.0/stm32cubeide/plugins/com.st.stm32cube.ide.mcu.externaltools.gnu-tools-for-stm32.7-2018-q2-update.win32_1.4.0.202007081208/tools/bin/../lib/gcc/arm-none-eabi/7.3.1/../../../../arm-none-eabi/lib/thumb/v7e-m/fpv4-sp/hard\libc_nano.a(lib_a-memcpy-stub.o)
                              Drivers/STM32H7xx_HAL_Driver/stm32h7xx_hal_fdcan.o (memcpy)
c:/st/stm32cubeide_1.4.0/stm32cubeide/plugins/com.st.stm32cube.ide.mcu.externaltools.gnu-tools-for-stm32.7-2018-q2-update.win32_1.4.0.202007081208/tools/bin/../lib/gcc/arm-none-eabi/7.3.1/../../../../arm-none-eabi/lib/thumb/v7e-m/fpv4-sp/hard\libc_nano.a(lib_a-memset.o)
                              c:/st/stm32cubeide_1.4.0/stm32cubeide/plugins/com.st.stm32cube.ide.mcu.externaltools.gnu-tools-for-stm32.7-2018-q2-update.win32_1.4.0.202007081208/tools/bin/../lib/gcc/arm-none-eabi/7.3.1/../../../../arm-none-eabi/lib/thumb/v7e-m/fpv4-sp/hard/crt0.o (memset)
c:/st/stm32cubeide_1.4.0/stm32cubeide/plugins/com.st.stm32cube.ide.mcu.externaltools.gnu-tools-for-stm32.7-2018-q2-update.win32_1.4.0.202007081208/tools/bin/../lib/gcc/arm-none-eabi/7.3.1/thumb/v7e-m/fpv4-sp/hard\libgcc.a(_aeabi_uldivmod.o)
                              Drivers/STM32H7xx_HAL_Driver/stm32h7xx_hal_uart.o (__aeabi_uldivmod)
c:/st/stm32cubeide_1.4.0/stm32cubeide/plugins/com.st.stm32cube.ide.mcu.externaltools.gnu-tools-for-stm32.7-2018-q2-update.win32_1.4.0.202007081208/tools/bin/../lib/gcc/arm-none-eabi/7.3.1/thumb/v7e-m/fpv4-sp/hard\libgcc.a(_udivmoddi4.o)
                              c:/st/stm32cubeide_1.4.0/stm32cubeide/plugins/com.st.stm32cube.ide.mcu.externaltools.gnu-tools-for-stm32.7-2018-q2-update.win32_1.4.0.202007081208/tools/bin/../lib/gcc/arm-none-eabi/7.3.1/thumb/v7e-m/fpv4-sp/hard\libgcc.a(_aeabi_uldivmod.o) (__udivmoddi4)
c:/st/stm32cubeide_1.4.0/stm32cubeide/plugins/com.st.stm32cube.ide.mcu.externaltools.gnu-tools-for-stm32.7-2018-q2-update.win32_1.4.0.202007081208/tools/bin/../lib/gcc/arm-none-eabi/7.3.1/thumb/v7e-m/fpv4-sp/hard\libgcc.a(_dvmd_tls.o)
                              c:/st/stm32cubeide_1.4.0/stm32cubeide/plugins/com.st.stm32cube.ide.mcu.externaltools.gnu-tools-for-stm32.7-2018-q2-update.win32_1.4.0.202007081208/tools/bin/../lib/gcc/arm-none-eabi/7.3.1/thumb/v7e-m/fpv4-sp/hard\libgcc.a(_aeabi_uldivmod.o) (__aeabi_ldiv0)

Allocating common symbols
Common symbol       size              file

hsai_BlockB2        0x98              Core/Src/main.o
hsai_BlockA2        0x98              Core/Src/main.o
huart3              0x8c              Core/Src/main.o
hpcd_USB_OTG_FS     0x408             Core/Src/main.o
hmmc1               0x278             Core/Src/main.o
uwTick              0x4               Drivers/STM32H7xx_HAL_Driver/stm32h7xx_hal.o
pFlash              0x1c              Drivers/STM32H7xx_HAL_Driver/stm32h7xx_hal_flash.o
hfdcan1             0xa0              Core/Src/main.o
[...]
Memory Configuration

Name             Origin             Length             Attributes
FLASH            0x0000000008100000 0x0000000000100000 xr
RAM              0x0000000010000000 0x0000000000048000 xrw
*default*        0x0000000000000000 0xffffffffffffffff

Linker script and memory map

LOAD c:/st/stm32cubeide_1.4.0/stm32cubeide/plugins/com.st.stm32cube.ide.mcu.externaltools.gnu-tools-for-stm32.7-2018-q2-update.win32_1.4.0.202007081208/tools/bin/../lib/gcc/arm-none-eabi/7.3.1/thumb/v7e-m/fpv4-sp/hard/crti.o
LOAD c:/st/stm32cubeide_1.4.0/stm32cubeide/plugins/com.st.stm32cube.ide.mcu.externaltools.gnu-tools-for-stm32.7-2018-q2-update.win32_1.4.0.202007081208/tools/bin/../lib/gcc/arm-none-eabi/7.3.1/thumb/v7e-m/fpv4-sp/hard/crtbegin.o
LOAD c:/st/stm32cubeide_1.4.0/stm32cubeide/plugins/com.st.stm32cube.ide.mcu.externaltools.gnu-tools-for-stm32.7-2018-q2-update.win32_1.4.0.202007081208/tools/bin/../lib/gcc/arm-none-eabi/7.3.1/../../../../arm-none-eabi/lib/thumb/v7e-m/fpv4-sp/hard/crt0.o
LOAD Common/Src/system_stm32h7xx_dualcore_boot_cm4_cm7.o
LOAD Core/Src/main.o
LOAD Core/Src/stm32h7xx_hal_msp.o
LOAD Core/Src/stm32h7xx_it.o
LOAD Core/Src/syscalls.o
LOAD Core/Src/sysmem.o
LOAD Core/Startup/startup_stm32h745xihx.o
LOAD Drivers/STM32H7xx_HAL_Driver/stm32h7xx_hal.o
LOAD Drivers/STM32H7xx_HAL_Driver/stm32h7xx_hal_cortex.o
LOAD Drivers/STM32H7xx_HAL_Driver/stm32h7xx_hal_dma.o
LOAD Drivers/STM32H7xx_HAL_Driver/stm32h7xx_hal_dma_ex.o
LOAD Drivers/STM32H7xx_HAL_Driver/stm32h7xx_hal_eth.o
LOAD Drivers/STM32H7xx_HAL_Driver/stm32h7xx_hal_eth_ex.o
LOAD Drivers/STM32H7xx_HAL_Driver/stm32h7xx_hal_exti.o
LOAD Drivers/STM32H7xx_HAL_Driver/stm32h7xx_hal_fdcan.o
LOAD Drivers/STM32H7xx_HAL_Driver/stm32h7xx_hal_flash.o
LOAD Drivers/STM32H7xx_HAL_Driver/stm32h7xx_hal_flash_ex.o
LOAD Drivers/STM32H7xx_HAL_Driver/stm32h7xx_hal_gpio.o
LOAD Drivers/STM32H7xx_HAL_Driver/stm32h7xx_hal_hsem.o
LOAD Drivers/STM32H7xx_HAL_Driver/stm32h7xx_hal_i2c.o
LOAD Drivers/STM32H7xx_HAL_Driver/stm32h7xx_hal_i2c_ex.o
LOAD Drivers/STM32H7xx_HAL_Driver/stm32h7xx_hal_ltdc.o
LOAD Drivers/STM32H7xx_HAL_Driver/stm32h7xx_hal_ltdc_ex.o
LOAD Drivers/STM32H7xx_HAL_Driver/stm32h7xx_hal_mdma.o
LOAD Drivers/STM32H7xx_HAL_Driver/stm32h7xx_hal_mmc.o
LOAD Drivers/STM32H7xx_HAL_Driver/stm32h7xx_hal_mmc_ex.o
LOAD Drivers/STM32H7xx_HAL_Driver/stm32h7xx_hal_pcd.o
LOAD Drivers/STM32H7xx_HAL_Driver/stm32h7xx_hal_pcd_ex.o
LOAD Drivers/STM32H7xx_HAL_Driver/stm32h7xx_hal_pwr.o
LOAD Drivers/STM32H7xx_HAL_Driver/stm32h7xx_hal_pwr_ex.o
LOAD Drivers/STM32H7xx_HAL_Driver/stm32h7xx_hal_qspi.o
LOAD Drivers/STM32H7xx_HAL_Driver/stm32h7xx_hal_rcc.o
LOAD Drivers/STM32H7xx_HAL_Driver/stm32h7xx_hal_rcc_ex.o
LOAD Drivers/STM32H7xx_HAL_Driver/stm32h7xx_hal_sai.o
LOAD Drivers/STM32H7xx_HAL_Driver/stm32h7xx_hal_sai_ex.o
LOAD Drivers/STM32H7xx_HAL_Driver/stm32h7xx_hal_sdram.o
LOAD Drivers/STM32H7xx_HAL_Driver/stm32h7xx_hal_tim.o
LOAD Drivers/STM32H7xx_HAL_Driver/stm32h7xx_hal_tim_ex.o
LOAD Drivers/STM32H7xx_HAL_Driver/stm32h7xx_hal_uart.o
LOAD Drivers/STM32H7xx_HAL_Driver/stm32h7xx_hal_uart_ex.o
LOAD Drivers/STM32H7xx_HAL_Driver/stm32h7xx_ll_fmc.o
LOAD Drivers/STM32H7xx_HAL_Driver/stm32h7xx_ll_sdmmc.o
LOAD Drivers/STM32H7xx_HAL_Driver/stm32h7xx_ll_usb.o
START GROUP
LOAD c:/st/stm32cubeide_1.4.0/stm32cubeide/plugins/com.st.stm32cube.ide.mcu.externaltools.gnu-tools-for-stm32.7-2018-q2-update.win32_1.4.0.202007081208/tools/bin/../lib/gcc/arm-none-eabi/7.3.1/../../../../arm-none-eabi/lib/thumb/v7e-m/fpv4-sp/hard\libc_nano.a
LOAD c:/st/stm32cubeide_1.4.0/stm32cubeide/plugins/com.st.stm32cube.ide.mcu.externaltools.gnu-tools-for-stm32.7-2018-q2-update.win32_1.4.0.202007081208/tools/bin/../lib/gcc/arm-none-eabi/7.3.1/../../../../arm-none-eabi/lib/thumb/v7e-m/fpv4-sp/hard\libm.a
END GROUP
START GROUP
LOAD c:/st/stm32cubeide_1.4.0/stm32cubeide/plugins/com.st.stm32cube.ide.mcu.externaltools.gnu-tools-for-stm32.7-2018-q2-update.win32_1.4.0.202007081208/tools/bin/../lib/gcc/arm-none-eabi/7.3.1/thumb/v7e-m/fpv4-sp/hard\libgcc.a
LOAD c:/st/stm32cubeide_1.4.0/stm32cubeide/plugins/com.st.stm32cube.ide.mcu.externaltools.gnu-tools-for-stm32.7-2018-q2-update.win32_1.4.0.202007081208/tools/bin/../lib/gcc/arm-none-eabi/7.3.1/../../../../arm-none-eabi/lib/thumb/v7e-m/fpv4-sp/hard\libc_nano.a
END GROUP
START GROUP
LOAD c:/st/stm32cubeide_1.4.0/stm32cubeide/plugins/com.st.stm32cube.ide.mcu.externaltools.gnu-tools-for-stm32.7-2018-q2-update.win32_1.4.0.202007081208/tools/bin/../lib/gcc/arm-none-eabi/7.3.1/thumb/v7e-m/fpv4-sp/hard\libgcc.a
LOAD c:/st/stm32cubeide_1.4.0/stm32cubeide/plugins/com.st.stm32cube.ide.mcu.externaltools.gnu-tools-for-stm32.7-2018-q2-update.win32_1.4.0.202007081208/tools/bin/../lib/gcc/arm-none-eabi/7.3.1/../../../../arm-none-eabi/lib/thumb/v7e-m/fpv4-sp/hard\libc_nano.a
LOAD c:/st/stm32cubeide_1.4.0/stm32cubeide/plugins/com.st.stm32cube.ide.mcu.externaltools.gnu-tools-for-stm32.7-2018-q2-update.win32_1.4.0.202007081208/tools/bin/../lib/gcc/arm-none-eabi/7.3.1/../../../../arm-none-eabi/lib/thumb/v7e-m/fpv4-sp/hard\libnosys.a
END GROUP
START GROUP
LOAD c:/st/stm32cubeide_1.4.0/stm32cubeide/plugins/com.st.stm32cube.ide.mcu.externaltools.gnu-tools-for-stm32.7-2018-q2-update.win32_1.4.0.202007081208/tools/bin/../lib/gcc/arm-none-eabi/7.3.1/thumb/v7e-m/fpv4-sp/hard\libgcc.a
LOAD c:/st/stm32cubeide_1.4.0/stm32cubeide/plugins/com.st.stm32cube.ide.mcu.externaltools.gnu-tools-for-stm32.7-2018-q2-update.win32_1.4.0.202007081208/tools/bin/../lib/gcc/arm-none-eabi/7.3.1/../../../../arm-none-eabi/lib/thumb/v7e-m/fpv4-sp/hard\libc_nano.a
LOAD c:/st/stm32cubeide_1.4.0/stm32cubeide/plugins/com.st.stm32cube.ide.mcu.externaltools.gnu-tools-for-stm32.7-2018-q2-update.win32_1.4.0.202007081208/tools/bin/../lib/gcc/arm-none-eabi/7.3.1/../../../../arm-none-eabi/lib/thumb/v7e-m/fpv4-sp/hard\libnosys.a
END GROUP
LOAD c:/st/stm32cubeide_1.4.0/stm32cubeide/plugins/com.st.stm32cube.ide.mcu.externaltools.gnu-tools-for-stm32.7-2018-q2-update.win32_1.4.0.202007081208/tools/bin/../lib/gcc/arm-none-eabi/7.3.1/thumb/v7e-m/fpv4-sp/hard/crtend.o
LOAD c:/st/stm32cubeide_1.4.0/stm32cubeide/plugins/com.st.stm32cube.ide.mcu.externaltools.gnu-tools-for-stm32.7-2018-q2-update.win32_1.4.0.202007081208/tools/bin/../lib/gcc/arm-none-eabi/7.3.1/thumb/v7e-m/fpv4-sp/hard/crtn.o
                0x0000000010048000                _estack = 0x10048000
                0x0000000000000200                _Min_Heap_Size = 0x200
                0x0000000000000400                _Min_Stack_Size = 0x400

.isr_vector     0x0000000008100000      0x298
                0x0000000008100000                . = ALIGN (0x4)
 *(.isr_vector)
 .isr_vector    0x0000000008100000      0x298 Core/Startup/startup_stm32h745xihx.o
                0x0000000008100000                g_pfnVectors
                0x0000000008100298                . = ALIGN (0x4)

.text           0x0000000008100298     0x717c
                0x0000000008100298                . = ALIGN (0x4)
 *(.text)
 .text          0x0000000008100298       0x40 c:/st/stm32cubeide_1.4.0/stm32cubeide/plugins/com.st.stm32cube.ide.mcu.externaltools.gnu-tools-for-stm32.7-2018-q2-update.win32_1.4.0.202007081208/tools/bin/../lib/gcc/arm-none-eabi/7.3.1/thumb/v7e-m/fpv4-sp/hard/crtbegin.o
 .text          0x00000000081002d8       0x30 c:/st/stm32cubeide_1.4.0/stm32cubeide/plugins/com.st.stm32cube.ide.mcu.externaltools.gnu-tools-for-stm32.7-2018-q2-update.win32_1.4.0.202007081208/tools/bin/../lib/gcc/arm-none-eabi/7.3.1/thumb/v7e-m/fpv4-sp/hard\libgcc.a(_aeabi_uldivmod.o)
                0x00000000081002d8                __aeabi_uldivmod
 .text          0x0000000008100308      0x2cc c:/st/stm32cubeide_1.4.0/stm32cubeide/plugins/com.st.stm32cube.ide.mcu.externaltools.gnu-tools-for-stm32.7-2018-q2-update.win32_1.4.0.202007081208/tools/bin/../lib/gcc/arm-none-eabi/7.3.1/thumb/v7e-m/fpv4-sp/hard\libgcc.a(_udivmoddi4.o)
                0x0000000008100308                __udivmoddi4
 .text          0x00000000081005d4        0x4 c:/st/stm32cubeide_1.4.0/stm32cubeide/plugins/com.st.stm32cube.ide.mcu.externaltools.gnu-tools-for-stm32.7-2018-q2-update.win32_1.4.0.202007081208/tools/bin/../lib/gcc/arm-none-eabi/7.3.1/thumb/v7e-m/fpv4-sp/hard\libgcc.a(_dvmd_tls.o)
                0x00000000081005d4                __aeabi_idiv0
                0x00000000081005d4                __aeabi_ldiv0
 *(.text*)
 .text.SystemInit
                0x00000000081005d8       0x38 Common/Src/system_stm32h7xx_dualcore_boot_cm4_cm7.o
                0x00000000081005d8                SystemInit
 .text.main     0x0000000008100610       0xb8 Core/Src/main.o
                0x0000000008100610                main
 .text.MX_ETH_Init
                0x00000000081006c8       0xa4 Core/Src/main.o
 .text.MX_FDCAN1_Init
                0x000000000810076c       0xcc Core/Src/main.o
 .text.MX_FDCAN2_Init
                0x0000000008100838       0xcc Core/Src/main.o
 .text.MX_QUADSPI_Init
                0x0000000008100904       0x58 Core/Src/main.o
 .text.MX_SAI2_Init
                0x000000000810095c      0x17c Core/Src/main.o
 .text.MX_SDMMC1_MMC_Init
                0x0000000008100ad8       0x4c Core/Src/main.o
 .text.MX_USART3_UART_Init
                0x0000000008100b24       0x98 Core/Src/main.o
 .text.MX_USB_OTG_FS_PCD_Init
                0x0000000008100bbc       0x64 Core/Src/main.o
 .text.MX_FMC_Init
                0x0000000008100c20       0x9c Core/Src/main.o
 .text.MX_GPIO_Init
                0x0000000008100cbc      0x184 Core/Src/main.o
 .text.Error_Handler
                0x0000000008100e40        0xe Core/Src/main.o
                0x0000000008100e40                Error_Handler
 *fill*         0x0000000008100e4e        0x2 
 .text.HAL_MspInit
                0x0000000008100e50       0x34 Core/Src/stm32h7xx_hal_msp.o
                0x0000000008100e50                HAL_MspInit
 .text.HAL_ETH_MspInit
                0x0000000008100e84      0x260 Core/Src/stm32h7xx_hal_msp.o
                0x0000000008100e84                HAL_ETH_MspInit
 .text.HAL_FDCAN_MspInit
                0x00000000081010e4      0x130 Core/Src/stm32h7xx_hal_msp.o
                0x00000000081010e4                HAL_FDCAN_MspInit
 .text.HAL_QSPI_MspInit
                0x0000000008101214      0x13c Core/Src/stm32h7xx_hal_msp.o
                0x0000000008101214                HAL_QSPI_MspInit
 .text.HAL_MMC_MspInit
                0x0000000008101350      0x11c Core/Src/stm32h7xx_hal_msp.o
                0x0000000008101350                HAL_MMC_MspInit
 .text.HAL_UART_MspInit
                0x000000000810146c       0x94 Core/Src/stm32h7xx_hal_msp.o
                0x000000000810146c                HAL_UART_MspInit
 .text.HAL_PCD_MspInit
                0x0000000008101500       0xb0 Core/Src/stm32h7xx_hal_msp.o
                0x0000000008101500                HAL_PCD_MspInit
 .text.HAL_FMC_MspInit
                0x00000000081015b0      0x104 Core/Src/stm32h7xx_hal_msp.o
 .text.HAL_SDRAM_MspInit
                0x00000000081016b4       0x14 Core/Src/stm32h7xx_hal_msp.o
                0x00000000081016b4                HAL_SDRAM_MspInit
 .text.HAL_SAI_MspInit
                0x00000000081016c8       0xe0 Core/Src/stm32h7xx_hal_msp.o
                0x00000000081016c8                HAL_SAI_MspInit
 .text.NMI_Handler
                0x00000000081017a8        0xe Core/Src/stm32h7xx_it.o
                0x00000000081017a8                NMI_Handler
 .text.HardFault_Handler
                0x00000000081017b6        0x6 Core/Src/stm32h7xx_it.o
                0x00000000081017b6                HardFault_Handler
 .text.MemManage_Handler
                0x00000000081017bc        0x6 Core/Src/stm32h7xx_it.o
                0x00000000081017bc                MemManage_Handler
 .text.BusFault_Handler
                0x00000000081017c2        0x6 Core/Src/stm32h7xx_it.o
                0x00000000081017c2                BusFault_Handler
 .text.UsageFault_Handler
                0x00000000081017c8        0x6 Core/Src/stm32h7xx_it.o
                0x00000000081017c8                UsageFault_Handler
 .text.SVC_Handler
                0x00000000081017ce        0xe Core/Src/stm32h7xx_it.o
                0x00000000081017ce                SVC_Handler
 .text.DebugMon_Handler
                0x00000000081017dc        0xe Core/Src/stm32h7xx_it.o
                0x00000000081017dc                DebugMon_Handler
 .text.PendSV_Handler
                0x00000000081017ea        0xe Core/Src/stm32h7xx_it.o
                0x00000000081017ea                PendSV_Handler
 .text.SysTick_Handler
                0x00000000081017f8        0xc Core/Src/stm32h7xx_it.o
                0x00000000081017f8                SysTick_Handler
 .text.Reset_Handler
                0x0000000008101804       0x50 Core/Startup/startup_stm32h745xihx.o
                0x0000000008101804                Reset_Handler
 .text.Default_Handler
                0x0000000008101854        0x2 Core/Startup/startup_stm32h745xihx.o
                0x0000000008101854                RTC_Alarm_IRQHandler
                0x0000000008101854                EXTI2_IRQHandler
                0x0000000008101854                TIM8_CC_IRQHandler
                0x0000000008101854                HRTIM1_Master_IRQHandler
                0x0000000008101854                UART8_IRQHandler
                0x0000000008101854                SPI4_IRQHandler
                0x0000000008101854                TIM1_CC_IRQHandler
                0x0000000008101854                BDMA_Channel6_IRQHandler
                0x0000000008101854                DMA2_Stream5_IRQHandler
                0x0000000008101854                HRTIM1_FLT_IRQHandler
                0x0000000008101854                JPEG_IRQHandler
                0x0000000008101854                DMA1_Stream5_IRQHandler
                0x0000000008101854                BDMA_Channel1_IRQHandler
                0x0000000008101854                HRTIM1_TIMD_IRQHandler
                0x0000000008101854                TAMP_STAMP_IRQHandler
                0x0000000008101854                EXTI3_IRQHandler
                0x0000000008101854                LPTIM4_IRQHandler
                0x0000000008101854                TIM8_TRG_COM_TIM14_IRQHandler
                0x0000000008101854                LPTIM2_IRQHandler
                0x0000000008101854                DFSDM1_FLT1_IRQHandler
                0x0000000008101854                DMAMUX2_OVR_IRQHandler
                0x0000000008101854                TIM8_UP_TIM13_IRQHandler
                0x0000000008101854                I2C3_ER_IRQHandler
                0x0000000008101854                DFSDM1_FLT2_IRQHandler
                0x0000000008101854                MDMA_IRQHandler
                0x0000000008101854                LPTIM3_IRQHandler
                0x0000000008101854                HSEM1_IRQHandler
                0x0000000008101854                EXTI0_IRQHandler
                0x0000000008101854                I2C2_EV_IRQHandler
                0x0000000008101854                DMA1_Stream2_IRQHandler
                0x0000000008101854                FPU_IRQHandler
                0x0000000008101854                OTG_HS_WKUP_IRQHandler
                0x0000000008101854                FDCAN1_IT1_IRQHandler
                0x0000000008101854                LTDC_ER_IRQHandler
                0x0000000008101854                DMA2_Stream2_IRQHandler
                0x0000000008101854                HRTIM1_TIME_IRQHandler
                0x0000000008101854                SPI1_IRQHandler
                0x0000000008101854                TIM6_DAC_IRQHandler
                0x0000000008101854                DCMI_IRQHandler
                0x0000000008101854                HRTIM1_TIMC_IRQHandler
                0x0000000008101854                DMA2_Stream3_IRQHandler
                0x0000000008101854                SAI2_IRQHandler
                0x0000000008101854                DFSDM1_FLT3_IRQHandler
                0x0000000008101854                USART6_IRQHandler
                0x0000000008101854                TIM17_IRQHandler
                0x0000000008101854                USART3_IRQHandler
                0x0000000008101854                BDMA_Channel7_IRQHandler
                0x0000000008101854                LPTIM5_IRQHandler
                0x0000000008101854                UART5_IRQHandler
                0x0000000008101854                ADC3_IRQHandler
                0x0000000008101854                DMA2_Stream0_IRQHandler
                0x0000000008101854                TIM4_IRQHandler
                0x0000000008101854                BDMA_Channel2_IRQHandler
                0x0000000008101854                QUADSPI_IRQHandler
                0x0000000008101854                I2C1_EV_IRQHandler
                0x0000000008101854                DMA1_Stream6_IRQHandler
                0x0000000008101854                DMAMUX1_OVR_IRQHandler
                0x0000000008101854                DMA1_Stream1_IRQHandler
                0x0000000008101854                TIM16_IRQHandler
                0x0000000008101854                UART4_IRQHandler
                0x0000000008101854                BDMA_Channel5_IRQHandler
                0x0000000008101854                TIM3_IRQHandler
                0x0000000008101854                RCC_IRQHandler
                0x0000000008101854                TIM8_BRK_TIM12_IRQHandler
                0x0000000008101854                TIM1_TRG_COM_IRQHandler
                0x0000000008101854                Default_Handler
                0x0000000008101854                ECC_IRQHandler
                0x0000000008101854                CEC_IRQHandler
                0x0000000008101854                EXTI15_10_IRQHandler
                0x0000000008101854                BDMA_Channel0_IRQHandler
                0x0000000008101854                ADC_IRQHandler
                0x0000000008101854                DMA1_Stream7_IRQHandler
                0x0000000008101854                HRTIM1_TIMA_IRQHandler
                0x0000000008101854                SPI5_IRQHandler
                0x0000000008101854                TIM7_IRQHandler
                0x0000000008101854                SDMMC1_IRQHandler
                0x0000000008101854                TIM5_IRQHandler
                0x0000000008101854                DMA2_Stream7_IRQHandler
                0x0000000008101854                TIM15_IRQHandler
                0x0000000008101854                PVD_AVD_IRQHandler
                0x0000000008101854                I2C3_EV_IRQHandler
                0x0000000008101854                EXTI9_5_IRQHandler
                0x0000000008101854                RTC_WKUP_IRQHandler
                0x0000000008101854                LTDC_IRQHandler
                0x0000000008101854                SAI3_IRQHandler
                0x0000000008101854                ETH_WKUP_IRQHandler
                0x0000000008101854                SPDIF_RX_IRQHandler
                0x0000000008101854                SPI2_IRQHandler
                0x0000000008101854                OTG_HS_EP1_IN_IRQHandler
                0x0000000008101854                DMA1_Stream0_IRQHandler
                0x0000000008101854                CRS_IRQHandler
                0x0000000008101854                CM7_SEV_IRQHandler
                0x0000000008101854                EXTI4_IRQHandler
                0x0000000008101854                RNG_IRQHandler
                0x0000000008101854                CM4_SEV_IRQHandler
                0x0000000008101854                HRTIM1_TIMB_IRQHandler
                0x0000000008101854                FDCAN2_IT1_IRQHandler
                0x0000000008101854                ETH_IRQHandler
                0x0000000008101854                TIM1_UP_IRQHandler
                0x0000000008101854                WWDG_RST_IRQHandler
                0x0000000008101854                BDMA_Channel4_IRQHandler
                0x0000000008101854                OTG_HS_EP1_OUT_IRQHandler
                0x0000000008101854                WWDG_IRQHandler
                0x0000000008101854                SPI6_IRQHandler
                0x0000000008101854                MDIOS_IRQHandler
                0x0000000008101854                I2C4_EV_IRQHandler
                0x0000000008101854                FDCAN2_IT0_IRQHandler
                0x0000000008101854                LPUART1_IRQHandler
                0x0000000008101854                FDCAN1_IT0_IRQHandler
                0x0000000008101854                TIM2_IRQHandler
                0x0000000008101854                OTG_FS_WKUP_IRQHandler
                0x0000000008101854                OTG_HS_IRQHandler
                0x0000000008101854                HSEM2_IRQHandler
                0x0000000008101854                DMA2D_IRQHandler
                0x0000000008101854                TIM1_BRK_IRQHandler
                0x0000000008101854                EXTI1_IRQHandler
                0x0000000008101854                SDMMC2_IRQHandler
                0x0000000008101854                OTG_FS_EP1_OUT_IRQHandler
                0x0000000008101854                BDMA_Channel3_IRQHandler
                0x0000000008101854                HOLD_CORE_IRQHandler
                0x0000000008101854                UART7_IRQHandler
                0x0000000008101854                MDIOS_WKUP_IRQHandler
                0x0000000008101854                USART2_IRQHandler
                0x0000000008101854                DFSDM1_FLT0_IRQHandler
                0x0000000008101854                SAI4_IRQHandler
                0x0000000008101854                I2C2_ER_IRQHandler
                0x0000000008101854                DMA2_Stream1_IRQHandler
                0x0000000008101854                FLASH_IRQHandler
                0x0000000008101854                DMA2_Stream4_IRQHandler
                0x0000000008101854                USART1_IRQHandler
                0x0000000008101854                OTG_FS_IRQHandler
                0x0000000008101854                SPI3_IRQHandler
                0x0000000008101854                WAKEUP_PIN_IRQHandler
                0x0000000008101854                DMA1_Stream4_IRQHandler
                0x0000000008101854                OTG_FS_EP1_IN_IRQHandler
                0x0000000008101854                I2C1_ER_IRQHandler
                0x0000000008101854                FMC_IRQHandler
                0x0000000008101854                FDCAN_CAL_IRQHandler
                0x0000000008101854                SWPMI1_IRQHandler
                0x0000000008101854                COMP1_IRQHandler
                0x0000000008101854                LPTIM1_IRQHandler
                0x0000000008101854                I2C4_ER_IRQHandler
                0x0000000008101854                DMA2_Stream6_IRQHandler
                0x0000000008101854                SAI1_IRQHandler
                0x0000000008101854                DMA1_Stream3_IRQHandler
 *fill*         0x0000000008101856        0x2 
 .text.HAL_Init
                0x0000000008101858       0xbc Drivers/STM32H7xx_HAL_Driver/stm32h7xx_hal.o
                0x0000000008101858                HAL_Init
 .text.HAL_InitTick
                0x0000000008101914       0x6c Drivers/STM32H7xx_HAL_Driver/stm32h7xx_hal.o
                0x0000000008101914                HAL_InitTick
 .text.HAL_IncTick
                0x0000000008101980       0x28 Drivers/STM32H7xx_HAL_Driver/stm32h7xx_hal.o
                0x0000000008101980                HAL_IncTick
 .text.HAL_GetTick
                0x00000000081019a8       0x18 Drivers/STM32H7xx_HAL_Driver/stm32h7xx_hal.o
                0x00000000081019a8                HAL_GetTick
 .text.HAL_Delay
                0x00000000081019c0       0x44 Drivers/STM32H7xx_HAL_Driver/stm32h7xx_hal.o
                0x00000000081019c0                HAL_Delay
 .text.HAL_GetREVID
                0x0000000008101a04       0x18 Drivers/STM32H7xx_HAL_Driver/stm32h7xx_hal.o
                0x0000000008101a04                HAL_GetREVID
 .text.HAL_SYSCFG_ETHInterfaceSelect
                0x0000000008101a1c       0x28 Drivers/STM32H7xx_HAL_Driver/stm32h7xx_hal.o
                0x0000000008101a1c                HAL_SYSCFG_ETHInterfaceSelect
 .text.__NVIC_SetPriorityGrouping
                0x0000000008101a44       0x48 Drivers/STM32H7xx_HAL_Driver/stm32h7xx_hal_cortex.o
 .text.__NVIC_GetPriorityGrouping
                0x0000000008101a8c       0x1c Drivers/STM32H7xx_HAL_Driver/stm32h7xx_hal_cortex.o
 .text.__NVIC_SetPriority
                0x0000000008101aa8       0x54 Drivers/STM32H7xx_HAL_Driver/stm32h7xx_hal_cortex.o
 .text.NVIC_EncodePriority
                0x0000000008101afc       0x66 Drivers/STM32H7xx_HAL_Driver/stm32h7xx_hal_cortex.o
 *fill*         0x0000000008101b62        0x2 
 .text.SysTick_Config
                0x0000000008101b64       0x44 Drivers/STM32H7xx_HAL_Driver/stm32h7xx_hal_cortex.o
 .text.HAL_NVIC_SetPriorityGrouping
                0x0000000008101ba8       0x16 Drivers/STM32H7xx_HAL_Driver/stm32h7xx_hal_cortex.o
                0x0000000008101ba8                HAL_NVIC_SetPriorityGrouping
 .text.HAL_NVIC_SetPriority
                0x0000000008101bbe       0x34 Drivers/STM32H7xx_HAL_Driver/stm32h7xx_hal_cortex.o
                0x0000000008101bbe                HAL_NVIC_SetPriority
 .text.HAL_SYSTICK_Config
                0x0000000008101bf2       0x18 Drivers/STM32H7xx_HAL_Driver/stm32h7xx_hal_cortex.o
                0x0000000008101bf2                HAL_SYSTICK_Config
 *fill*         0x0000000008101c0a        0x2 
 .text.HAL_GetCurrentCPUID
                0x0000000008101c0c       0x28 Drivers/STM32H7xx_HAL_Driver/stm32h7xx_hal_cortex.o
                0x0000000008101c0c                HAL_GetCurrentCPUID
 .text.HAL_ETH_Init
                0x0000000008101c34      0x1b4 Drivers/STM32H7xx_HAL_Driver/stm32h7xx_hal_eth.o
                0x0000000008101c34                HAL_ETH_Init
 .text.ETH_SetMACConfig
                0x0000000008101de8      0x238 Drivers/STM32H7xx_HAL_Driver/stm32h7xx_hal_eth.o
 .text.ETH_SetDMAConfig
                0x0000000008102020      0x10c Drivers/STM32H7xx_HAL_Driver/stm32h7xx_hal_eth.o
 .text.ETH_MACDMAConfig
                0x000000000810212c      0x13a Drivers/STM32H7xx_HAL_Driver/stm32h7xx_hal_eth.o
 *fill*         0x0000000008102266        0x2 
 .text.ETH_MAC_MDIO_ClkConfig
                0x0000000008102268       0xb0 Drivers/STM32H7xx_HAL_Driver/stm32h7xx_hal_eth.o
 .text.ETH_DMATxDescListInit
                0x0000000008102318       0x8e Drivers/STM32H7xx_HAL_Driver/stm32h7xx_hal_eth.o
 .text.ETH_DMARxDescListInit
                0x00000000081023a6       0xba Drivers/STM32H7xx_HAL_Driver/stm32h7xx_hal_eth.o
 .text.HAL_FDCAN_Init
                0x0000000008102460      0x3c4 Drivers/STM32H7xx_HAL_Driver/stm32h7xx_hal_fdcan.o
                0x0000000008102460                HAL_FDCAN_Init
 .text.FDCAN_CalcultateRamBlockAddresses
                0x0000000008102824      0x320 Drivers/STM32H7xx_HAL_Driver/stm32h7xx_hal_fdcan.o
 .text.HAL_GPIO_Init
                0x0000000008102b44      0x360 Drivers/STM32H7xx_HAL_Driver/stm32h7xx_hal_gpio.o
                0x0000000008102b44                HAL_GPIO_Init
 .text.HAL_GPIO_WritePin
                0x0000000008102ea4       0x32 Drivers/STM32H7xx_HAL_Driver/stm32h7xx_hal_gpio.o
                0x0000000008102ea4                HAL_GPIO_WritePin
 .text.HAL_GPIO_TogglePin
                0x0000000008102ed6       0x36 Drivers/STM32H7xx_HAL_Driver/stm32h7xx_hal_gpio.o
                0x0000000008102ed6                HAL_GPIO_TogglePin
 .text.HAL_HSEM_ActivateNotification
                0x0000000008102f0c       0x24 Drivers/STM32H7xx_HAL_Driver/stm32h7xx_hal_hsem.o
                0x0000000008102f0c                HAL_HSEM_ActivateNotification
 .text.HAL_MMC_Init
                0x0000000008102f30       0x60 Drivers/STM32H7xx_HAL_Driver/stm32h7xx_hal_mmc.o
                0x0000000008102f30                HAL_MMC_Init
 .text.HAL_MMC_InitCard
                0x0000000008102f90      0x11c Drivers/STM32H7xx_HAL_Driver/stm32h7xx_hal_mmc.o
                0x0000000008102f90                HAL_MMC_InitCard
 .text.HAL_MMC_GetCardCSD
                0x00000000081030ac      0x348 Drivers/STM32H7xx_HAL_Driver/stm32h7xx_hal_mmc.o
                0x00000000081030ac                HAL_MMC_GetCardCSD
 .text.MMC_InitCard
                0x00000000081033f4      0x1c4 Drivers/STM32H7xx_HAL_Driver/stm32h7xx_hal_mmc.o
 .text.MMC_PowerON
                0x00000000081035b8       0xa0 Drivers/STM32H7xx_HAL_Driver/stm32h7xx_hal_mmc.o
 .text.MMC_ReadExtCSD
                0x0000000008103658      0x15c Drivers/STM32H7xx_HAL_Driver/stm32h7xx_hal_mmc.o
                0x0000000008103658                MMC_ReadExtCSD
 .text.HAL_PCD_Init
                0x00000000081037b4      0x248 Drivers/STM32H7xx_HAL_Driver/stm32h7xx_hal_pcd.o
                0x00000000081037b4                HAL_PCD_Init
 .text.HAL_PCDEx_ActivateLPM
                0x00000000081039fc       0x48 Drivers/STM32H7xx_HAL_Driver/stm32h7xx_hal_pcd_ex.o
                0x00000000081039fc                HAL_PCDEx_ActivateLPM
 .text.HAL_PWREx_EnterSTOPMode
                0x0000000008103a44       0xec Drivers/STM32H7xx_HAL_Driver/stm32h7xx_hal_pwr_ex.o
                0x0000000008103a44                HAL_PWREx_EnterSTOPMode
 .text.HAL_PWREx_ClearPendingEvent
                0x0000000008103b30       0x1a Drivers/STM32H7xx_HAL_Driver/stm32h7xx_hal_pwr_ex.o
                0x0000000008103b30                HAL_PWREx_ClearPendingEvent
 *fill*         0x0000000008103b4a        0x2 
 .text.HAL_QSPI_Init
                0x0000000008103b4c       0xe8 Drivers/STM32H7xx_HAL_Driver/stm32h7xx_hal_qspi.o
                0x0000000008103b4c                HAL_QSPI_Init
 .text.HAL_QSPI_SetTimeout
                0x0000000008103c34       0x1c Drivers/STM32H7xx_HAL_Driver/stm32h7xx_hal_qspi.o
                0x0000000008103c34                HAL_QSPI_SetTimeout
 .text.QSPI_WaitFlagStateUntilTimeout
                0x0000000008103c50       0x6e Drivers/STM32H7xx_HAL_Driver/stm32h7xx_hal_qspi.o
 *fill*         0x0000000008103cbe        0x2 
 .text.HAL_RCC_GetSysClockFreq
                0x0000000008103cc0      0x2e4 Drivers/STM32H7xx_HAL_Driver/stm32h7xx_hal_rcc.o
                0x0000000008103cc0                HAL_RCC_GetSysClockFreq
 .text.HAL_RCC_GetHCLKFreq
                0x0000000008103fa4       0x64 Drivers/STM32H7xx_HAL_Driver/stm32h7xx_hal_rcc.o
                0x0000000008103fa4                HAL_RCC_GetHCLKFreq
 .text.HAL_RCC_GetPCLK1Freq
                0x0000000008104008       0x2c Drivers/STM32H7xx_HAL_Driver/stm32h7xx_hal_rcc.o
                0x0000000008104008                HAL_RCC_GetPCLK1Freq
 .text.HAL_RCC_GetPCLK2Freq
                0x0000000008104034       0x2c Drivers/STM32H7xx_HAL_Driver/stm32h7xx_hal_rcc.o
                0x0000000008104034                HAL_RCC_GetPCLK2Freq
 .text.HAL_RCCEx_GetPeriphCLKFreq
                0x0000000008104060      0x4f0 Drivers/STM32H7xx_HAL_Driver/stm32h7xx_hal_rcc_ex.o
                0x0000000008104060                HAL_RCCEx_GetPeriphCLKFreq
 .text.HAL_RCCEx_GetD3PCLK1Freq
                0x0000000008104550       0x2c Drivers/STM32H7xx_HAL_Driver/stm32h7xx_hal_rcc_ex.o
                0x0000000008104550                HAL_RCCEx_GetD3PCLK1Freq
 .text.HAL_RCCEx_GetPLL2ClockFreq
                0x000000000810457c      0x298 Drivers/STM32H7xx_HAL_Driver/stm32h7xx_hal_rcc_ex.o
                0x000000000810457c                HAL_RCCEx_GetPLL2ClockFreq
 .text.HAL_RCCEx_GetPLL3ClockFreq
                0x0000000008104814      0x298 Drivers/STM32H7xx_HAL_Driver/stm32h7xx_hal_rcc_ex.o
                0x0000000008104814                HAL_RCCEx_GetPLL3ClockFreq
 .text.HAL_RCCEx_GetPLL1ClockFreq
                0x0000000008104aac      0x298 Drivers/STM32H7xx_HAL_Driver/stm32h7xx_hal_rcc_ex.o
                0x0000000008104aac                HAL_RCCEx_GetPLL1ClockFreq
 .text.HAL_SAI_Init
                0x0000000008104d44      0x53c Drivers/STM32H7xx_HAL_Driver/stm32h7xx_hal_sai.o
                0x0000000008104d44                HAL_SAI_Init
 .text.SAI_Disable
                0x0000000008105280       0x74 Drivers/STM32H7xx_HAL_Driver/stm32h7xx_hal_sai.o
 .text.HAL_SDRAM_Init
                0x00000000081052f4       0x78 Drivers/STM32H7xx_HAL_Driver/stm32h7xx_hal_sdram.o
                0x00000000081052f4                HAL_SDRAM_Init
 .text.HAL_UART_Init
                0x000000000810536c       0xa0 Drivers/STM32H7xx_HAL_Driver/stm32h7xx_hal_uart.o
                0x000000000810536c                HAL_UART_Init
 .text.UART_SetConfig
                0x000000000810540c      0xb60 Drivers/STM32H7xx_HAL_Driver/stm32h7xx_hal_uart.o
                0x000000000810540c                UART_SetConfig
 .text.UART_AdvFeatureConfig
                0x0000000008105f6c      0x144 Drivers/STM32H7xx_HAL_Driver/stm32h7xx_hal_uart.o
                0x0000000008105f6c                UART_AdvFeatureConfig
 .text.UART_CheckIdleState
                0x00000000081060b0       0x90 Drivers/STM32H7xx_HAL_Driver/stm32h7xx_hal_uart.o
                0x00000000081060b0                UART_CheckIdleState
 .text.UART_WaitOnFlagUntilTimeout
                0x0000000008106140      0x100 Drivers/STM32H7xx_HAL_Driver/stm32h7xx_hal_uart.o
                0x0000000008106140                UART_WaitOnFlagUntilTimeout
 .text.HAL_UARTEx_DisableFifoMode
                0x0000000008106240       0x72 Drivers/STM32H7xx_HAL_Driver/stm32h7xx_hal_uart_ex.o
                0x0000000008106240                HAL_UARTEx_DisableFifoMode
 .text.HAL_UARTEx_SetTxFifoThreshold
                0x00000000081062b2       0x7c Drivers/STM32H7xx_HAL_Driver/stm32h7xx_hal_uart_ex.o
                0x00000000081062b2                HAL_UARTEx_SetTxFifoThreshold
 .text.HAL_UARTEx_SetRxFifoThreshold
                0x000000000810632e       0x7c Drivers/STM32H7xx_HAL_Driver/stm32h7xx_hal_uart_ex.o
                0x000000000810632e                HAL_UARTEx_SetRxFifoThreshold
 *fill*         0x00000000081063aa        0x2 
 .text.UARTEx_SetNbDataToProcess
                0x00000000081063ac       0xd0 Drivers/STM32H7xx_HAL_Driver/stm32h7xx_hal_uart_ex.o
 .text.FMC_SDRAM_Init
                0x000000000810647c       0xba Drivers/STM32H7xx_HAL_Driver/stm32h7xx_ll_fmc.o
                0x000000000810647c                FMC_SDRAM_Init
 .text.FMC_SDRAM_Timing_Init
                0x0000000008106536       0xd2 Drivers/STM32H7xx_HAL_Driver/stm32h7xx_ll_fmc.o
                0x0000000008106536                FMC_SDRAM_Timing_Init
 .text.SDMMC_Init
                0x0000000008106608       0x54 Drivers/STM32H7xx_HAL_Driver/stm32h7xx_ll_sdmmc.o
                0x0000000008106608                SDMMC_Init
 .text.SDMMC_ReadFIFO
                0x000000000810665c       0x1a Drivers/STM32H7xx_HAL_Driver/stm32h7xx_ll_sdmmc.o
                0x000000000810665c                SDMMC_ReadFIFO
 .text.SDMMC_PowerState_ON
                0x0000000008106676       0x22 Drivers/STM32H7xx_HAL_Driver/stm32h7xx_ll_sdmmc.o
                0x0000000008106676                SDMMC_PowerState_ON
 .text.SDMMC_GetPowerState
                0x0000000008106698       0x1c Drivers/STM32H7xx_HAL_Driver/stm32h7xx_ll_sdmmc.o
                0x0000000008106698                SDMMC_GetPowerState
 .text.SDMMC_SendCommand
                0x00000000081066b4       0x54 Drivers/STM32H7xx_HAL_Driver/stm32h7xx_ll_sdmmc.o
                0x00000000081066b4                SDMMC_SendCommand
 .text.SDMMC_GetCommandResponse
                0x0000000008106708       0x1a Drivers/STM32H7xx_HAL_Driver/stm32h7xx_ll_sdmmc.o
                0x0000000008106708                SDMMC_GetCommandResponse
 .text.SDMMC_GetResponse
                0x0000000008106722       0x26 Drivers/STM32H7xx_HAL_Driver/stm32h7xx_ll_sdmmc.o
                0x0000000008106722                SDMMC_GetResponse
 .text.SDMMC_ConfigData
                0x0000000008106748       0x58 Drivers/STM32H7xx_HAL_Driver/stm32h7xx_ll_sdmmc.o
                0x0000000008106748                SDMMC_ConfigData
 .text.SDMMC_CmdBlockLength
                0x00000000081067a0       0x46 Drivers/STM32H7xx_HAL_Driver/stm32h7xx_ll_sdmmc.o
                0x00000000081067a0                SDMMC_CmdBlockLength
 .text.SDMMC_CmdSelDesel
                0x00000000081067e6       0x48 Drivers/STM32H7xx_HAL_Driver/stm32h7xx_ll_sdmmc.o
                0x00000000081067e6                SDMMC_CmdSelDesel
 .text.SDMMC_CmdGoIdleState
                0x000000000810682e       0x3c Drivers/STM32H7xx_HAL_Driver/stm32h7xx_ll_sdmmc.o
                0x000000000810682e                SDMMC_CmdGoIdleState
 .text.SDMMC_CmdSendCID
                0x000000000810686a       0x3e Drivers/STM32H7xx_HAL_Driver/stm32h7xx_ll_sdmmc.o
                0x000000000810686a                SDMMC_CmdSendCID
 .text.SDMMC_CmdSendCSD
                0x00000000081068a8       0x40 Drivers/STM32H7xx_HAL_Driver/stm32h7xx_ll_sdmmc.o
                0x00000000081068a8                SDMMC_CmdSendCSD
 .text.SDMMC_CmdSetRelAdd
                0x00000000081068e8       0x44 Drivers/STM32H7xx_HAL_Driver/stm32h7xx_ll_sdmmc.o
                0x00000000081068e8                SDMMC_CmdSetRelAdd
 .text.SDMMC_CmdSendStatus
                0x000000000810692c       0x46 Drivers/STM32H7xx_HAL_Driver/stm32h7xx_ll_sdmmc.o
                0x000000000810692c                SDMMC_CmdSendStatus
 .text.SDMMC_CmdOpCondition
                0x0000000008106972       0x40 Drivers/STM32H7xx_HAL_Driver/stm32h7xx_ll_sdmmc.o
                0x0000000008106972                SDMMC_CmdOpCondition
 .text.SDMMC_CmdSendEXTCSD
                0x00000000081069b2       0x46 Drivers/STM32H7xx_HAL_Driver/stm32h7xx_ll_sdmmc.o
                0x00000000081069b2                SDMMC_CmdSendEXTCSD
 .text.SDMMC_GetCmdError
                0x00000000081069f8       0x5c Drivers/STM32H7xx_HAL_Driver/stm32h7xx_ll_sdmmc.o
 .text.SDMMC_GetCmdResp1
                0x0000000008106a54      0x1e4 Drivers/STM32H7xx_HAL_Driver/stm32h7xx_ll_sdmmc.o
 .text.SDMMC_GetCmdResp2
                0x0000000008106c38       0x94 Drivers/STM32H7xx_HAL_Driver/stm32h7xx_ll_sdmmc.o
 .text.SDMMC_GetCmdResp3
                0x0000000008106ccc       0x80 Drivers/STM32H7xx_HAL_Driver/stm32h7xx_ll_sdmmc.o
 .text.SDMMC_GetCmdResp6
                0x0000000008106d4c       0xf0 Drivers/STM32H7xx_HAL_Driver/stm32h7xx_ll_sdmmc.o
 .text.USB_CoreInit
                0x0000000008106e3c       0xc2 Drivers/STM32H7xx_HAL_Driver/stm32h7xx_ll_usb.o
                0x0000000008106e3c                USB_CoreInit
 .text.USB_DisableGlobalInt
                0x0000000008106efe       0x22 Drivers/STM32H7xx_HAL_Driver/stm32h7xx_ll_usb.o
                0x0000000008106efe                USB_DisableGlobalInt
 .text.USB_SetCurrentMode
                0x0000000008106f20       0x54 Drivers/STM32H7xx_HAL_Driver/stm32h7xx_ll_usb.o
                0x0000000008106f20                USB_SetCurrentMode
 .text.USB_DevInit
                0x0000000008106f74      0x2bc Drivers/STM32H7xx_HAL_Driver/stm32h7xx_ll_usb.o
                0x0000000008106f74                USB_DevInit
 .text.USB_FlushTxFifo
                0x0000000008107230       0x4c Drivers/STM32H7xx_HAL_Driver/stm32h7xx_ll_usb.o
                0x0000000008107230                USB_FlushTxFifo
 .text.USB_FlushRxFifo
                0x000000000810727c       0x44 Drivers/STM32H7xx_HAL_Driver/stm32h7xx_ll_usb.o
                0x000000000810727c                USB_FlushRxFifo
 .text.USB_SetDevSpeed
                0x00000000081072c0       0x32 Drivers/STM32H7xx_HAL_Driver/stm32h7xx_ll_usb.o
                0x00000000081072c0                USB_SetDevSpeed
 .text.USB_DevDisconnect
                0x00000000081072f2       0x30 Drivers/STM32H7xx_HAL_Driver/stm32h7xx_ll_usb.o
                0x00000000081072f2                USB_DevDisconnect
 *fill*         0x0000000008107322        0x2 
 .text.USB_CoreReset
                0x0000000008107324       0x68 Drivers/STM32H7xx_HAL_Driver/stm32h7xx_ll_usb.o
 .text.__libc_init_array
                0x000000000810738c       0x48 c:/st/stm32cubeide_1.4.0/stm32cubeide/plugins/com.st.stm32cube.ide.mcu.externaltools.gnu-tools-for-stm32.7-2018-q2-update.win32_1.4.0.202007081208/tools/bin/../lib/gcc/arm-none-eabi/7.3.1/../../../../arm-none-eabi/lib/thumb/v7e-m/fpv4-sp/hard\libc_nano.a(lib_a-init.o)
                0x000000000810738c                __libc_init_array
 .text.memcpy   0x00000000081073d4       0x16 c:/st/stm32cubeide_1.4.0/stm32cubeide/plugins/com.st.stm32cube.ide.mcu.externaltools.gnu-tools-for-stm32.7-2018-q2-update.win32_1.4.0.202007081208/tools/bin/../lib/gcc/arm-none-eabi/7.3.1/../../../../arm-none-eabi/lib/thumb/v7e-m/fpv4-sp/hard\libc_nano.a(lib_a-memcpy-stub.o)
                0x00000000081073d4                memcpy
 .text.memset   0x00000000081073ea       0x10 c:/st/stm32cubeide_1.4.0/stm32cubeide/plugins/com.st.stm32cube.ide.mcu.externaltools.gnu-tools-for-stm32.7-2018-q2-update.win32_1.4.0.202007081208/tools/bin/../lib/gcc/arm-none-eabi/7.3.1/../../../../arm-none-eabi/lib/thumb/v7e-m/fpv4-sp/hard\libc_nano.a(lib_a-memset.o)
                0x00000000081073ea                memset
 *(.glue_7)
 .glue_7        0x00000000081073fa        0x0 linker stubs
 *(.glue_7t)
 .glue_7t       0x00000000081073fa        0x0 linker stubs
 *(.eh_frame)
 *fill*         0x00000000081073fa        0x2 
 .eh_frame      0x00000000081073fc        0x0 c:/st/stm32cubeide_1.4.0/stm32cubeide/plugins/com.st.stm32cube.ide.mcu.externaltools.gnu-tools-for-stm32.7-2018-q2-update.win32_1.4.0.202007081208/tools/bin/../lib/gcc/arm-none-eabi/7.3.1/thumb/v7e-m/fpv4-sp/hard/crtbegin.o
 *(.init)
 .init          0x00000000081073fc        0x4 c:/st/stm32cubeide_1.4.0/stm32cubeide/plugins/com.st.stm32cube.ide.mcu.externaltools.gnu-tools-for-stm32.7-2018-q2-update.win32_1.4.0.202007081208/tools/bin/../lib/gcc/arm-none-eabi/7.3.1/thumb/v7e-m/fpv4-sp/hard/crti.o
                0x00000000081073fc                _init
 .init          0x0000000008107400        0x8 c:/st/stm32cubeide_1.4.0/stm32cubeide/plugins/com.st.stm32cube.ide.mcu.externaltools.gnu-tools-for-stm32.7-2018-q2-update.win32_1.4.0.202007081208/tools/bin/../lib/gcc/arm-none-eabi/7.3.1/thumb/v7e-m/fpv4-sp/hard/crtn.o
 *(.fini)
 .fini          0x0000000008107408        0x4 c:/st/stm32cubeide_1.4.0/stm32cubeide/plugins/com.st.stm32cube.ide.mcu.externaltools.gnu-tools-for-stm32.7-2018-q2-update.win32_1.4.0.202007081208/tools/bin/../lib/gcc/arm-none-eabi/7.3.1/thumb/v7e-m/fpv4-sp/hard/crti.o
                0x0000000008107408                _fini
 .fini          0x000000000810740c        0x8 c:/st/stm32cubeide_1.4.0/stm32cubeide/plugins/com.st.stm32cube.ide.mcu.externaltools.gnu-tools-for-stm32.7-2018-q2-update.win32_1.4.0.202007081208/tools/bin/../lib/gcc/arm-none-eabi/7.3.1/thumb/v7e-m/fpv4-sp/hard/crtn.o
                0x0000000008107414                . = ALIGN (0x4)
                0x0000000008107414                _etext = .

.vfp11_veneer   0x0000000008107414        0x0
 .vfp11_veneer  0x0000000008107414        0x0 linker stubs

.v4_bx          0x0000000008107414        0x0
 .v4_bx         0x0000000008107414        0x0 linker stubs

.iplt           0x0000000008107414        0x0
 .iplt          0x0000000008107414        0x0 c:/st/stm32cubeide_1.4.0/stm32cubeide/plugins/com.st.stm32cube.ide.mcu.externaltools.gnu-tools-for-stm32.7-2018-q2-update.win32_1.4.0.202007081208/tools/bin/../lib/gcc/arm-none-eabi/7.3.1/thumb/v7e-m/fpv4-sp/hard/crtbegin.o

.rodata         0x0000000008107414       0x84
                0x0000000008107414                . = ALIGN (0x4)
 *(.rodata)
 .rodata        0x0000000008107414       0x4c Drivers/STM32H7xx_HAL_Driver/stm32h7xx_hal_fdcan.o
 .rodata        0x0000000008107460       0x10 Drivers/STM32H7xx_HAL_Driver/stm32h7xx_hal_uart_ex.o
 *(.rodata*)
 .rodata.D1CorePrescTable
                0x0000000008107470       0x10 Common/Src/system_stm32h7xx_dualcore_boot_cm4_cm7.o
                0x0000000008107470                D1CorePrescTable
 .rodata.UARTPrescTable
                0x0000000008107480       0x18 Drivers/STM32H7xx_HAL_Driver/stm32h7xx_hal_uart.o
                0x0000000008107480                UARTPrescTable
                0x0000000008107498                . = ALIGN (0x4)

.ARM.extab
 *(.ARM.extab* .gnu.linkonce.armextab.*)

.ARM            0x0000000008107498        0x8
                0x0000000008107498                __exidx_start = .
 *(.ARM.exidx*)
 .ARM.exidx     0x0000000008107498        0x8 c:/st/stm32cubeide_1.4.0/stm32cubeide/plugins/com.st.stm32cube.ide.mcu.externaltools.gnu-tools-for-stm32.7-2018-q2-update.win32_1.4.0.202007081208/tools/bin/../lib/gcc/arm-none-eabi/7.3.1/thumb/v7e-m/fpv4-sp/hard\libgcc.a(_udivmoddi4.o)
                0x00000000081074a0                __exidx_end = .

.rel.dyn        0x00000000081074a0        0x0
 .rel.iplt      0x00000000081074a0        0x0 c:/st/stm32cubeide_1.4.0/stm32cubeide/plugins/com.st.stm32cube.ide.mcu.externaltools.gnu-tools-for-stm32.7-2018-q2-update.win32_1.4.0.202007081208/tools/bin/../lib/gcc/arm-none-eabi/7.3.1/thumb/v7e-m/fpv4-sp/hard/crtbegin.o

.preinit_array  0x00000000081074a0        0x0
                0x00000000081074a0                PROVIDE (__preinit_array_start = .)
 *(.preinit_array*)
                0x00000000081074a0                PROVIDE (__preinit_array_end = .)

.init_array     0x00000000081074a0        0x4
                0x00000000081074a0                PROVIDE (__init_array_start = .)
 *(SORT_BY_NAME(.init_array.*))
 *(.init_array*)
 .init_array    0x00000000081074a0        0x4 c:/st/stm32cubeide_1.4.0/stm32cubeide/plugins/com.st.stm32cube.ide.mcu.externaltools.gnu-tools-for-stm32.7-2018-q2-update.win32_1.4.0.202007081208/tools/bin/../lib/gcc/arm-none-eabi/7.3.1/thumb/v7e-m/fpv4-sp/hard/crtbegin.o
                0x00000000081074a4                PROVIDE (__init_array_end = .)

.fini_array     0x00000000081074a4        0x4
                [!provide]                        PROVIDE (__fini_array_start = .)
 *(SORT_BY_NAME(.fini_array.*))
 *(.fini_array*)
 .fini_array    0x00000000081074a4        0x4 c:/st/stm32cubeide_1.4.0/stm32cubeide/plugins/com.st.stm32cube.ide.mcu.externaltools.gnu-tools-for-stm32.7-2018-q2-update.win32_1.4.0.202007081208/tools/bin/../lib/gcc/arm-none-eabi/7.3.1/thumb/v7e-m/fpv4-sp/hard/crtbegin.o
                [!provide]                        PROVIDE (__fini_array_end = .)
                0x00000000081074a8                _sidata = LOADADDR (.data)

.data           0x0000000010000000       0x10 load address 0x00000000081074a8
                0x0000000010000000                . = ALIGN (0x4)
                0x0000000010000000                _sdata = .
 *(.data)
 *(.data*)
 .data.SystemCoreClock
                0x0000000010000000        0x4 Common/Src/system_stm32h7xx_dualcore_boot_cm4_cm7.o
                0x0000000010000000                SystemCoreClock
 .data.SystemD2Clock
                0x0000000010000004        0x4 Common/Src/system_stm32h7xx_dualcore_boot_cm4_cm7.o
                0x0000000010000004                SystemD2Clock
 .data.uwTickPrio
                0x0000000010000008        0x4 Drivers/STM32H7xx_HAL_Driver/stm32h7xx_hal.o
                0x0000000010000008                uwTickPrio
 .data.uwTickFreq
                0x000000001000000c        0x1 Drivers/STM32H7xx_HAL_Driver/stm32h7xx_hal.o
                0x000000001000000c                uwTickFreq
                0x0000000010000010                . = ALIGN (0x4)
 *fill*         0x000000001000000d        0x3 
                0x0000000010000010                _edata = .

.igot.plt       0x0000000010000010        0x0 load address 0x00000000081074b8
 .igot.plt      0x0000000010000010        0x0 c:/st/stm32cubeide_1.4.0/stm32cubeide/plugins/com.st.stm32cube.ide.mcu.externaltools.gnu-tools-for-stm32.7-2018-q2-update.win32_1.4.0.202007081208/tools/bin/../lib/gcc/arm-none-eabi/7.3.1/thumb/v7e-m/fpv4-sp/hard/crtbegin.o

.RxDecripSection
                0x0000000010000010       0x60 load address 0x00000000081074b8
 .RxDecripSection
                0x0000000010000010       0x60 Core/Src/main.o
                0x0000000010000010                DMARxDscrTab

.TxDecripSection
                0x0000000010000070       0x60 load address 0x0000000008107518
 .TxDecripSection
                0x0000000010000070       0x60 Core/Src/main.o
                0x0000000010000070                DMATxDscrTab
                0x00000000100000d0                . = ALIGN (0x4)

.bss            0x00000000100000d0      0xacc load address 0x0000000008107578
                0x00000000100000d0                _sbss = .
                0x00000000100000d0                __bss_start__ = _sbss
 *(.bss)
 .bss           0x00000000100000d0       0x1c c:/st/stm32cubeide_1.4.0/stm32cubeide/plugins/com.st.stm32cube.ide.mcu.externaltools.gnu-tools-for-stm32.7-2018-q2-update.win32_1.4.0.202007081208/tools/bin/../lib/gcc/arm-none-eabi/7.3.1/thumb/v7e-m/fpv4-sp/hard/crtbegin.o
 *(.bss*)
 .bss.HAL_RCC_FDCAN_CLK_ENABLED
                0x00000000100000ec        0x4 Core/Src/stm32h7xx_hal_msp.o
 .bss.FMC_Initialized
                0x00000000100000f0        0x4 Core/Src/stm32h7xx_hal_msp.o
 .bss.SAI2_client
                0x00000000100000f4        0x4 Core/Src/stm32h7xx_hal_msp.o
 *(COMMON)
 COMMON         0x00000000100000f8      0xaa0 Core/Src/main.o
                0x00000000100000f8                hsai_BlockB2
                0x0000000010000190                hsai_BlockA2
                0x0000000010000228                huart3
                0x00000000100002b4                hpcd_USB_OTG_FS
                0x00000000100006bc                hmmc1
                0x0000000010000934                hfdcan1
                0x00000000100009d4                hsdram1
                0x0000000010000a08                heth
                0x0000000010000a78                TxConfig
                0x0000000010000aac                hfdcan2
                0x0000000010000b4c                hqspi
 COMMON         0x0000000010000b98        0x4 Drivers/STM32H7xx_HAL_Driver/stm32h7xx_hal.o
                0x0000000010000b98                uwTick
                0x0000000010000b9c                . = ALIGN (0x4)
                0x0000000010000b9c                _ebss = .
                0x0000000010000b9c                __bss_end__ = _ebss

._user_heap_stack
                0x0000000010000b9c      0x604 load address 0x0000000008107578
                0x0000000010000ba0                . = ALIGN (0x8)
 *fill*         0x0000000010000b9c        0x4 
                [!provide]                        PROVIDE (end = .)
                0x0000000010000ba0                PROVIDE (_end = .)
                0x0000000010000da0                . = (. + _Min_Heap_Size)
 *fill*         0x0000000010000ba0      0x200 
                0x00000000100011a0                . = (. + _Min_Stack_Size)
 *fill*         0x0000000010000da0      0x400 
                0x00000000100011a0                . = ALIGN (0x8)

/DISCARD/
 libc.a(*)
 libm.a(*)
 libgcc.a(*)

.ARM.attributes
                0x0000000000000000       0x30
 *(.ARM.attributes)
 .ARM.attributes
                0x0000000000000000       0x22 c:/st/stm32cubeide_1.4.0/stm32cubeide/plugins/com.st.stm32cube.ide.mcu.externaltools.gnu-tools-for-stm32.7-2018-q2-update.win32_1.4.0.202007081208/tools/bin/../lib/gcc/arm-none-eabi/7.3.1/thumb/v7e-m/fpv4-sp/hard/crti.o
 .ARM.attributes
                0x0000000000000022       0x34 c:/st/stm32cubeide_1.4.0/stm32cubeide/plugins/com.st.stm32cube.ide.mcu.externaltools.gnu-tools-for-stm32.7-2018-q2-update.win32_1.4.0.202007081208/tools/bin/../lib/gcc/arm-none-eabi/7.3.1/thumb/v7e-m/fpv4-sp/hard/crtbegin.o
 .ARM.attributes
                0x0000000000000056       0x39 Common/Src/system_stm32h7xx_dualcore_boot_cm4_cm7.o
 .ARM.attributes
                0x000000000000008f       0x39 Core/Src/main.o
 .ARM.attributes
                0x00000000000000c8       0x39 Core/Src/stm32h7xx_hal_msp.o
 .ARM.attributes
                0x0000000000000101       0x39 Core/Src/stm32h7xx_it.o
 .ARM.attributes
                0x000000000000013a       0x21 Core/Startup/startup_stm32h745xihx.o
 .ARM.attributes
                0x000000000000015b       0x39 Drivers/STM32H7xx_HAL_Driver/stm32h7xx_hal.o
 .ARM.attributes
                0x0000000000000194       0x39 Drivers/STM32H7xx_HAL_Driver/stm32h7xx_hal_cortex.o
 .ARM.attributes
                0x00000000000001cd       0x39 Drivers/STM32H7xx_HAL_Driver/stm32h7xx_hal_eth.o
 .ARM.attributes
                0x0000000000000206       0x39 Drivers/STM32H7xx_HAL_Driver/stm32h7xx_hal_fdcan.o
 .ARM.attributes
                0x000000000000023f       0x39 Drivers/STM32H7xx_HAL_Driver/stm32h7xx_hal_gpio.o
 .ARM.attributes
                0x0000000000000278       0x39 Drivers/STM32H7xx_HAL_Driver/stm32h7xx_hal_hsem.o
 .ARM.attributes
                0x00000000000002b1       0x39 Drivers/STM32H7xx_HAL_Driver/stm32h7xx_hal_mmc.o
 .ARM.attributes
                0x00000000000002ea       0x39 Drivers/STM32H7xx_HAL_Driver/stm32h7xx_hal_pcd.o
 .ARM.attributes
                0x0000000000000323       0x39 Drivers/STM32H7xx_HAL_Driver/stm32h7xx_hal_pcd_ex.o
 .ARM.attributes
                0x000000000000035c       0x39 Drivers/STM32H7xx_HAL_Driver/stm32h7xx_hal_pwr_ex.o
 .ARM.attributes
                0x0000000000000395       0x39 Drivers/STM32H7xx_HAL_Driver/stm32h7xx_hal_qspi.o
 .ARM.attributes
                0x00000000000003ce       0x39 Drivers/STM32H7xx_HAL_Driver/stm32h7xx_hal_rcc.o
 .ARM.attributes
                0x0000000000000407       0x39 Drivers/STM32H7xx_HAL_Driver/stm32h7xx_hal_rcc_ex.o
 .ARM.attributes
                0x0000000000000440       0x39 Drivers/STM32H7xx_HAL_Driver/stm32h7xx_hal_sai.o
 .ARM.attributes
                0x0000000000000479       0x39 Drivers/STM32H7xx_HAL_Driver/stm32h7xx_hal_sdram.o
 .ARM.attributes
                0x00000000000004b2       0x39 Drivers/STM32H7xx_HAL_Driver/stm32h7xx_hal_uart.o
 .ARM.attributes
                0x00000000000004eb       0x39 Drivers/STM32H7xx_HAL_Driver/stm32h7xx_hal_uart_ex.o
 .ARM.attributes
                0x0000000000000524       0x39 Drivers/STM32H7xx_HAL_Driver/stm32h7xx_ll_fmc.o
 .ARM.attributes
                0x000000000000055d       0x39 Drivers/STM32H7xx_HAL_Driver/stm32h7xx_ll_sdmmc.o
 .ARM.attributes
                0x0000000000000596       0x39 Drivers/STM32H7xx_HAL_Driver/stm32h7xx_ll_usb.o
 .ARM.attributes
                0x00000000000005cf       0x34 c:/st/stm32cubeide_1.4.0/stm32cubeide/plugins/com.st.stm32cube.ide.mcu.externaltools.gnu-tools-for-stm32.7-2018-q2-update.win32_1.4.0.202007081208/tools/bin/../lib/gcc/arm-none-eabi/7.3.1/../../../../arm-none-eabi/lib/thumb/v7e-m/fpv4-sp/hard\libc_nano.a(lib_a-init.o)
 .ARM.attributes
                0x0000000000000603       0x34 c:/st/stm32cubeide_1.4.0/stm32cubeide/plugins/com.st.stm32cube.ide.mcu.externaltools.gnu-tools-for-stm32.7-2018-q2-update.win32_1.4.0.202007081208/tools/bin/../lib/gcc/arm-none-eabi/7.3.1/../../../../arm-none-eabi/lib/thumb/v7e-m/fpv4-sp/hard\libc_nano.a(lib_a-memcpy-stub.o)
 .ARM.attributes
                0x0000000000000637       0x34 c:/st/stm32cubeide_1.4.0/stm32cubeide/plugins/com.st.stm32cube.ide.mcu.externaltools.gnu-tools-for-stm32.7-2018-q2-update.win32_1.4.0.202007081208/tools/bin/../lib/gcc/arm-none-eabi/7.3.1/../../../../arm-none-eabi/lib/thumb/v7e-m/fpv4-sp/hard\libc_nano.a(lib_a-memset.o)
 .ARM.attributes
                0x000000000000066b       0x22 c:/st/stm32cubeide_1.4.0/stm32cubeide/plugins/com.st.stm32cube.ide.mcu.externaltools.gnu-tools-for-stm32.7-2018-q2-update.win32_1.4.0.202007081208/tools/bin/../lib/gcc/arm-none-eabi/7.3.1/thumb/v7e-m/fpv4-sp/hard\libgcc.a(_aeabi_uldivmod.o)
 .ARM.attributes
                0x000000000000068d       0x34 c:/st/stm32cubeide_1.4.0/stm32cubeide/plugins/com.st.stm32cube.ide.mcu.externaltools.gnu-tools-for-stm32.7-2018-q2-update.win32_1.4.0.202007081208/tools/bin/../lib/gcc/arm-none-eabi/7.3.1/thumb/v7e-m/fpv4-sp/hard\libgcc.a(_udivmoddi4.o)
 .ARM.attributes
                0x00000000000006c1       0x22 c:/st/stm32cubeide_1.4.0/stm32cubeide/plugins/com.st.stm32cube.ide.mcu.externaltools.gnu-tools-for-stm32.7-2018-q2-update.win32_1.4.0.202007081208/tools/bin/../lib/gcc/arm-none-eabi/7.3.1/thumb/v7e-m/fpv4-sp/hard\libgcc.a(_dvmd_tls.o)
 .ARM.attributes
                0x00000000000006e3       0x22 c:/st/stm32cubeide_1.4.0/stm32cubeide/plugins/com.st.stm32cube.ide.mcu.externaltools.gnu-tools-for-stm32.7-2018-q2-update.win32_1.4.0.202007081208/tools/bin/../lib/gcc/arm-none-eabi/7.3.1/thumb/v7e-m/fpv4-sp/hard/crtn.o
OUTPUT(TouchGFX_Test_01_CM4.elf elf32-littlearm)

.debug_info     0x0000000000000000    0x2dad4
 .debug_info    0x0000000000000000     0x10ea Common/Src/system_stm32h7xx_dualcore_boot_cm4_cm7.o
 .debug_info    0x00000000000010ea     0x41d0 Core/Src/main.o
 .debug_info    0x00000000000052ba     0x414b Core/Src/stm32h7xx_hal_msp.o
 .debug_info    0x0000000000009405      0xb72 Core/Src/stm32h7xx_it.o
 .debug_info    0x0000000000009f77       0x22 Core/Startup/startup_stm32h745xihx.o
 .debug_info    0x0000000000009f99     0x20a6 Drivers/STM32H7xx_HAL_Driver/stm32h7xx_hal.o
 .debug_info    0x000000000000c03f     0x190c Drivers/STM32H7xx_HAL_Driver/stm32h7xx_hal_cortex.o
 .debug_info    0x000000000000d94b     0x2f12 Drivers/STM32H7xx_HAL_Driver/stm32h7xx_hal_eth.o
 .debug_info    0x000000000001085d     0x341b Drivers/STM32H7xx_HAL_Driver/stm32h7xx_hal_fdcan.o
 .debug_info    0x0000000000013c78     0x1712 Drivers/STM32H7xx_HAL_Driver/stm32h7xx_hal_gpio.o
 .debug_info    0x000000000001538a      0xdfe Drivers/STM32H7xx_HAL_Driver/stm32h7xx_hal_hsem.o
 .debug_info    0x0000000000016188     0x20c8 Drivers/STM32H7xx_HAL_Driver/stm32h7xx_hal_mmc.o
 .debug_info    0x0000000000018250     0x1ab4 Drivers/STM32H7xx_HAL_Driver/stm32h7xx_hal_pcd.o
 .debug_info    0x0000000000019d04     0x1217 Drivers/STM32H7xx_HAL_Driver/stm32h7xx_hal_pcd_ex.o
 .debug_info    0x000000000001af1b     0x1975 Drivers/STM32H7xx_HAL_Driver/stm32h7xx_hal_pwr_ex.o
 .debug_info    0x000000000001c890     0x1bec Drivers/STM32H7xx_HAL_Driver/stm32h7xx_hal_qspi.o
 .debug_info    0x000000000001e47c     0x17c4 Drivers/STM32H7xx_HAL_Driver/stm32h7xx_hal_rcc.o
 .debug_info    0x000000000001fc40     0x1c09 Drivers/STM32H7xx_HAL_Driver/stm32h7xx_hal_rcc_ex.o
 .debug_info    0x0000000000021849     0x1cc3 Drivers/STM32H7xx_HAL_Driver/stm32h7xx_hal_sai.o
 .debug_info    0x000000000002350c     0x1894 Drivers/STM32H7xx_HAL_Driver/stm32h7xx_hal_sdram.o
 .debug_info    0x0000000000024da0     0x24aa Drivers/STM32H7xx_HAL_Driver/stm32h7xx_hal_uart.o
 .debug_info    0x000000000002724a     0x14a9 Drivers/STM32H7xx_HAL_Driver/stm32h7xx_hal_uart_ex.o
 .debug_info    0x00000000000286f3     0x15c1 Drivers/STM32H7xx_HAL_Driver/stm32h7xx_ll_fmc.o
 .debug_info    0x0000000000029cb4     0x1b7e Drivers/STM32H7xx_HAL_Driver/stm32h7xx_ll_sdmmc.o
 .debug_info    0x000000000002b832     0x22a2 Drivers/STM32H7xx_HAL_Driver/stm32h7xx_ll_usb.o

.debug_abbrev   0x0000000000000000     0x4149
 .debug_abbrev  0x0000000000000000      0x21f Common/Src/system_stm32h7xx_dualcore_boot_cm4_cm7.o
 .debug_abbrev  0x000000000000021f      0x2b1 Core/Src/main.o
 .debug_abbrev  0x00000000000004d0      0x2aa Core/Src/stm32h7xx_hal_msp.o
 .debug_abbrev  0x000000000000077a      0x1c9 Core/Src/stm32h7xx_it.o
 .debug_abbrev  0x0000000000000943       0x12 Core/Startup/startup_stm32h745xihx.o
 .debug_abbrev  0x0000000000000955      0x2e2 Drivers/STM32H7xx_HAL_Driver/stm32h7xx_hal.o
 .debug_abbrev  0x0000000000000c37      0x3b5 Drivers/STM32H7xx_HAL_Driver/stm32h7xx_hal_cortex.o
 .debug_abbrev  0x0000000000000fec      0x2e2 Drivers/STM32H7xx_HAL_Driver/stm32h7xx_hal_eth.o
 .debug_abbrev  0x00000000000012ce      0x2f3 Drivers/STM32H7xx_HAL_Driver/stm32h7xx_hal_fdcan.o
 .debug_abbrev  0x00000000000015c1      0x28f Drivers/STM32H7xx_HAL_Driver/stm32h7xx_hal_gpio.o
 .debug_abbrev  0x0000000000001850      0x2ab Drivers/STM32H7xx_HAL_Driver/stm32h7xx_hal_hsem.o
 .debug_abbrev  0x0000000000001afb      0x2eb Drivers/STM32H7xx_HAL_Driver/stm32h7xx_hal_mmc.o
 .debug_abbrev  0x0000000000001de6      0x2f4 Drivers/STM32H7xx_HAL_Driver/stm32h7xx_hal_pcd.o
 .debug_abbrev  0x00000000000020da      0x2a2 Drivers/STM32H7xx_HAL_Driver/stm32h7xx_hal_pcd_ex.o
 .debug_abbrev  0x000000000000237c      0x33a Drivers/STM32H7xx_HAL_Driver/stm32h7xx_hal_pwr_ex.o
 .debug_abbrev  0x00000000000026b6      0x2ac Drivers/STM32H7xx_HAL_Driver/stm32h7xx_hal_qspi.o
 .debug_abbrev  0x0000000000002962      0x2e2 Drivers/STM32H7xx_HAL_Driver/stm32h7xx_hal_rcc.o
 .debug_abbrev  0x0000000000002c44      0x2db Drivers/STM32H7xx_HAL_Driver/stm32h7xx_hal_rcc_ex.o
 .debug_abbrev  0x0000000000002f1f      0x2be Drivers/STM32H7xx_HAL_Driver/stm32h7xx_hal_sai.o
 .debug_abbrev  0x00000000000031dd      0x273 Drivers/STM32H7xx_HAL_Driver/stm32h7xx_hal_sdram.o
 .debug_abbrev  0x0000000000003450      0x2bb Drivers/STM32H7xx_HAL_Driver/stm32h7xx_hal_uart.o
 .debug_abbrev  0x000000000000370b      0x26f Drivers/STM32H7xx_HAL_Driver/stm32h7xx_hal_uart_ex.o
 .debug_abbrev  0x000000000000397a      0x23f Drivers/STM32H7xx_HAL_Driver/stm32h7xx_ll_fmc.o
 .debug_abbrev  0x0000000000003bb9      0x286 Drivers/STM32H7xx_HAL_Driver/stm32h7xx_ll_sdmmc.o
 .debug_abbrev  0x0000000000003e3f      0x30a Drivers/STM32H7xx_HAL_Driver/stm32h7xx_ll_usb.o

.debug_aranges  0x0000000000000000     0x1b18
 .debug_aranges
                0x0000000000000000       0x28 Common/Src/system_stm32h7xx_dualcore_boot_cm4_cm7.o
 .debug_aranges
                0x0000000000000028       0x78 Core/Src/main.o
 .debug_aranges
                0x00000000000000a0       0xb0 Core/Src/stm32h7xx_hal_msp.o
 .debug_aranges
                0x0000000000000150       0x60 Core/Src/stm32h7xx_it.o
 .debug_aranges
                0x00000000000001b0       0x28 Core/Startup/startup_stm32h745xihx.o
 .debug_aranges
                0x00000000000001d8      0x220 Drivers/STM32H7xx_HAL_Driver/stm32h7xx_hal.o
 .debug_aranges
                0x00000000000003f8      0x120 Drivers/STM32H7xx_HAL_Driver/stm32h7xx_hal_cortex.o
 .debug_aranges
                0x0000000000000518      0x1b0 Drivers/STM32H7xx_HAL_Driver/stm32h7xx_hal_eth.o
 .debug_aranges
                0x00000000000006c8      0x338 Drivers/STM32H7xx_HAL_Driver/stm32h7xx_hal_fdcan.o
 .debug_aranges
                0x0000000000000a00       0x58 Drivers/STM32H7xx_HAL_Driver/stm32h7xx_hal_gpio.o
 .debug_aranges
                0x0000000000000a58       0x70 Drivers/STM32H7xx_HAL_Driver/stm32h7xx_hal_hsem.o
 .debug_aranges
                0x0000000000000ac8      0x178 Drivers/STM32H7xx_HAL_Driver/stm32h7xx_hal_mmc.o
 .debug_aranges
                0x0000000000000c40      0x130 Drivers/STM32H7xx_HAL_Driver/stm32h7xx_hal_pcd.o
 .debug_aranges
                0x0000000000000d70       0x60 Drivers/STM32H7xx_HAL_Driver/stm32h7xx_hal_pcd_ex.o
 .debug_aranges
                0x0000000000000dd0      0x170 Drivers/STM32H7xx_HAL_Driver/stm32h7xx_hal_pwr_ex.o
 .debug_aranges
                0x0000000000000f40      0x148 Drivers/STM32H7xx_HAL_Driver/stm32h7xx_hal_qspi.o
 .debug_aranges
                0x0000000000001088       0x88 Drivers/STM32H7xx_HAL_Driver/stm32h7xx_hal_rcc.o
 .debug_aranges
                0x0000000000001110      0x100 Drivers/STM32H7xx_HAL_Driver/stm32h7xx_hal_rcc_ex.o
 .debug_aranges
                0x0000000000001210      0x178 Drivers/STM32H7xx_HAL_Driver/stm32h7xx_hal_sai.o
 .debug_aranges
                0x0000000000001388       0xe8 Drivers/STM32H7xx_HAL_Driver/stm32h7xx_hal_sdram.o
 .debug_aranges
                0x0000000000001470      0x230 Drivers/STM32H7xx_HAL_Driver/stm32h7xx_hal_uart.o
 .debug_aranges
                0x00000000000016a0       0x88 Drivers/STM32H7xx_HAL_Driver/stm32h7xx_hal_uart_ex.o
 .debug_aranges
                0x0000000000001728       0xc8 Drivers/STM32H7xx_HAL_Driver/stm32h7xx_ll_fmc.o
 .debug_aranges
                0x00000000000017f0      0x190 Drivers/STM32H7xx_HAL_Driver/stm32h7xx_ll_sdmmc.o
 .debug_aranges
                0x0000000000001980      0x198 Drivers/STM32H7xx_HAL_Driver/stm32h7xx_ll_usb.o

.debug_ranges   0x0000000000000000     0x19a8
 .debug_ranges  0x0000000000000000       0x18 Common/Src/system_stm32h7xx_dualcore_boot_cm4_cm7.o
 .debug_ranges  0x0000000000000018       0x68 Core/Src/main.o
 .debug_ranges  0x0000000000000080       0xa0 Core/Src/stm32h7xx_hal_msp.o
 .debug_ranges  0x0000000000000120       0x50 Core/Src/stm32h7xx_it.o
 .debug_ranges  0x0000000000000170       0x20 Core/Startup/startup_stm32h745xihx.o
 .debug_ranges  0x0000000000000190      0x210 Drivers/STM32H7xx_HAL_Driver/stm32h7xx_hal.o
 .debug_ranges  0x00000000000003a0      0x110 Drivers/STM32H7xx_HAL_Driver/stm32h7xx_hal_cortex.o
 .debug_ranges  0x00000000000004b0      0x1a0 Drivers/STM32H7xx_HAL_Driver/stm32h7xx_hal_eth.o
 .debug_ranges  0x0000000000000650      0x328 Drivers/STM32H7xx_HAL_Driver/stm32h7xx_hal_fdcan.o
 .debug_ranges  0x0000000000000978       0x48 Drivers/STM32H7xx_HAL_Driver/stm32h7xx_hal_gpio.o
 .debug_ranges  0x00000000000009c0       0x60 Drivers/STM32H7xx_HAL_Driver/stm32h7xx_hal_hsem.o
 .debug_ranges  0x0000000000000a20      0x168 Drivers/STM32H7xx_HAL_Driver/stm32h7xx_hal_mmc.o
 .debug_ranges  0x0000000000000b88      0x120 Drivers/STM32H7xx_HAL_Driver/stm32h7xx_hal_pcd.o
 .debug_ranges  0x0000000000000ca8       0x50 Drivers/STM32H7xx_HAL_Driver/stm32h7xx_hal_pcd_ex.o
 .debug_ranges  0x0000000000000cf8      0x160 Drivers/STM32H7xx_HAL_Driver/stm32h7xx_hal_pwr_ex.o
 .debug_ranges  0x0000000000000e58      0x138 Drivers/STM32H7xx_HAL_Driver/stm32h7xx_hal_qspi.o
 .debug_ranges  0x0000000000000f90       0x78 Drivers/STM32H7xx_HAL_Driver/stm32h7xx_hal_rcc.o
 .debug_ranges  0x0000000000001008       0xf0 Drivers/STM32H7xx_HAL_Driver/stm32h7xx_hal_rcc_ex.o
 .debug_ranges  0x00000000000010f8      0x180 Drivers/STM32H7xx_HAL_Driver/stm32h7xx_hal_sai.o
 .debug_ranges  0x0000000000001278       0xd8 Drivers/STM32H7xx_HAL_Driver/stm32h7xx_hal_sdram.o
 .debug_ranges  0x0000000000001350      0x220 Drivers/STM32H7xx_HAL_Driver/stm32h7xx_hal_uart.o
 .debug_ranges  0x0000000000001570       0x78 Drivers/STM32H7xx_HAL_Driver/stm32h7xx_hal_uart_ex.o
 .debug_ranges  0x00000000000015e8       0xb8 Drivers/STM32H7xx_HAL_Driver/stm32h7xx_ll_fmc.o
 .debug_ranges  0x00000000000016a0      0x180 Drivers/STM32H7xx_HAL_Driver/stm32h7xx_ll_sdmmc.o
 .debug_ranges  0x0000000000001820      0x188 Drivers/STM32H7xx_HAL_Driver/stm32h7xx_ll_usb.o

.debug_macro    0x0000000000000000    0x3ddb7
 .debug_macro   0x0000000000000000      0x333 Common/Src/system_stm32h7xx_dualcore_boot_cm4_cm7.o
 .debug_macro   0x0000000000000333      0xa60 Common/Src/system_stm32h7xx_dualcore_boot_cm4_cm7.o
 .debug_macro   0x0000000000000d93       0x2e Common/Src/system_stm32h7xx_dualcore_boot_cm4_cm7.o
 .debug_macro   0x0000000000000dc1       0x3b Common/Src/system_stm32h7xx_dualcore_boot_cm4_cm7.o
 .debug_macro   0x0000000000000dfc       0x22 Common/Src/system_stm32h7xx_dualcore_boot_cm4_cm7.o
 .debug_macro   0x0000000000000e1e       0x8e Common/Src/system_stm32h7xx_dualcore_boot_cm4_cm7.o
 .debug_macro   0x0000000000000eac       0x51 Common/Src/system_stm32h7xx_dualcore_boot_cm4_cm7.o
 .debug_macro   0x0000000000000efd       0xef Common/Src/system_stm32h7xx_dualcore_boot_cm4_cm7.o
 .debug_macro   0x0000000000000fec       0x6a Common/Src/system_stm32h7xx_dualcore_boot_cm4_cm7.o
 .debug_macro   0x0000000000001056      0x1df Common/Src/system_stm32h7xx_dualcore_boot_cm4_cm7.o
 .debug_macro   0x0000000000001235       0x1c Common/Src/system_stm32h7xx_dualcore_boot_cm4_cm7.o
 .debug_macro   0x0000000000001251       0x22 Common/Src/system_stm32h7xx_dualcore_boot_cm4_cm7.o
 .debug_macro   0x0000000000001273       0xdf Common/Src/system_stm32h7xx_dualcore_boot_cm4_cm7.o
 .debug_macro   0x0000000000001352     0x102d Common/Src/system_stm32h7xx_dualcore_boot_cm4_cm7.o
 .debug_macro   0x000000000000237f      0x11f Common/Src/system_stm32h7xx_dualcore_boot_cm4_cm7.o
 .debug_macro   0x000000000000249e    0x26850 Common/Src/system_stm32h7xx_dualcore_boot_cm4_cm7.o
 .debug_macro   0x0000000000028cee       0x43 Common/Src/system_stm32h7xx_dualcore_boot_cm4_cm7.o
 .debug_macro   0x0000000000028d31      0x25c Common/Src/system_stm32h7xx_dualcore_boot_cm4_cm7.o
 .debug_macro   0x0000000000028f8d     0x3cd3 Common/Src/system_stm32h7xx_dualcore_boot_cm4_cm7.o
 .debug_macro   0x000000000002cc60      0x174 Common/Src/system_stm32h7xx_dualcore_boot_cm4_cm7.o
 .debug_macro   0x000000000002cdd4       0x46 Common/Src/system_stm32h7xx_dualcore_boot_cm4_cm7.o
 .debug_macro   0x000000000002ce1a       0x18 Common/Src/system_stm32h7xx_dualcore_boot_cm4_cm7.o
 .debug_macro   0x000000000002ce32       0x3c Common/Src/system_stm32h7xx_dualcore_boot_cm4_cm7.o
 .debug_macro   0x000000000002ce6e       0x34 Common/Src/system_stm32h7xx_dualcore_boot_cm4_cm7.o
 .debug_macro   0x000000000002cea2       0x52 Common/Src/system_stm32h7xx_dualcore_boot_cm4_cm7.o
 .debug_macro   0x000000000002cef4       0x1f Common/Src/system_stm32h7xx_dualcore_boot_cm4_cm7.o
 .debug_macro   0x000000000002cf13       0x43 Common/Src/system_stm32h7xx_dualcore_boot_cm4_cm7.o
 .debug_macro   0x000000000002cf56       0x20 Common/Src/system_stm32h7xx_dualcore_boot_cm4_cm7.o
 .debug_macro   0x000000000002cf76      0x1a3 Common/Src/system_stm32h7xx_dualcore_boot_cm4_cm7.o
 .debug_macro   0x000000000002d119      0x32a Common/Src/system_stm32h7xx_dualcore_boot_cm4_cm7.o
 .debug_macro   0x000000000002d443      0x1e1 Common/Src/system_stm32h7xx_dualcore_boot_cm4_cm7.o
 .debug_macro   0x000000000002d624       0x54 Common/Src/system_stm32h7xx_dualcore_boot_cm4_cm7.o
 .debug_macro   0x000000000002d678     0x3a9d Common/Src/system_stm32h7xx_dualcore_boot_cm4_cm7.o
 .debug_macro   0x0000000000031115     0x104f Common/Src/system_stm32h7xx_dualcore_boot_cm4_cm7.o
 .debug_macro   0x0000000000032164      0x138 Common/Src/system_stm32h7xx_dualcore_boot_cm4_cm7.o
 .debug_macro   0x000000000003229c      0x133 Common/Src/system_stm32h7xx_dualcore_boot_cm4_cm7.o
 .debug_macro   0x00000000000323cf      0x3be Common/Src/system_stm32h7xx_dualcore_boot_cm4_cm7.o
 .debug_macro   0x000000000003278d       0x27 Common/Src/system_stm32h7xx_dualcore_boot_cm4_cm7.o
 .debug_macro   0x00000000000327b4      0x72d Common/Src/system_stm32h7xx_dualcore_boot_cm4_cm7.o
 .debug_macro   0x0000000000032ee1      0x229 Common/Src/system_stm32h7xx_dualcore_boot_cm4_cm7.o
 .debug_macro   0x000000000003310a       0x66 Common/Src/system_stm32h7xx_dualcore_boot_cm4_cm7.o
 .debug_macro   0x0000000000033170      0x3bb Common/Src/system_stm32h7xx_dualcore_boot_cm4_cm7.o
 .debug_macro   0x000000000003352b      0xa6e Common/Src/system_stm32h7xx_dualcore_boot_cm4_cm7.o
 .debug_macro   0x0000000000033f99      0x129 Common/Src/system_stm32h7xx_dualcore_boot_cm4_cm7.o
 .debug_macro   0x00000000000340c2      0x408 Common/Src/system_stm32h7xx_dualcore_boot_cm4_cm7.o
 .debug_macro   0x00000000000344ca      0x244 Common/Src/system_stm32h7xx_dualcore_boot_cm4_cm7.o
 .debug_macro   0x000000000003470e      0xe34 Common/Src/system_stm32h7xx_dualcore_boot_cm4_cm7.o
 .debug_macro   0x0000000000035542      0x3cb Common/Src/system_stm32h7xx_dualcore_boot_cm4_cm7.o
 .debug_macro   0x000000000003590d      0x4b7 Common/Src/system_stm32h7xx_dualcore_boot_cm4_cm7.o
 .debug_macro   0x0000000000035dc4       0x51 Common/Src/system_stm32h7xx_dualcore_boot_cm4_cm7.o
 .debug_macro   0x0000000000035e15       0x4a Common/Src/system_stm32h7xx_dualcore_boot_cm4_cm7.o
 .debug_macro   0x0000000000035e5f      0x22c Common/Src/system_stm32h7xx_dualcore_boot_cm4_cm7.o
 .debug_macro   0x000000000003608b       0x64 Common/Src/system_stm32h7xx_dualcore_boot_cm4_cm7.o
 .debug_macro   0x00000000000360ef       0xa5 Common/Src/system_stm32h7xx_dualcore_boot_cm4_cm7.o
 .debug_macro   0x0000000000036194      0x814 Common/Src/system_stm32h7xx_dualcore_boot_cm4_cm7.o
 .debug_macro   0x00000000000369a8      0x21b Common/Src/system_stm32h7xx_dualcore_boot_cm4_cm7.o
 .debug_macro   0x0000000000036bc3      0x219 Common/Src/system_stm32h7xx_dualcore_boot_cm4_cm7.o
 .debug_macro   0x0000000000036ddc      0x2eb Common/Src/system_stm32h7xx_dualcore_boot_cm4_cm7.o
 .debug_macro   0x00000000000370c7       0x35 Common/Src/system_stm32h7xx_dualcore_boot_cm4_cm7.o
 .debug_macro   0x00000000000370fc      0x2d4 Common/Src/system_stm32h7xx_dualcore_boot_cm4_cm7.o
 .debug_macro   0x00000000000373d0      0x3bb Common/Src/system_stm32h7xx_dualcore_boot_cm4_cm7.o
 .debug_macro   0x000000000003778b       0x10 Common/Src/system_stm32h7xx_dualcore_boot_cm4_cm7.o
 .debug_macro   0x000000000003779b       0xe4 Common/Src/system_stm32h7xx_dualcore_boot_cm4_cm7.o
 .debug_macro   0x000000000003787f      0x513 Common/Src/system_stm32h7xx_dualcore_boot_cm4_cm7.o
 .debug_macro   0x0000000000037d92      0x662 Common/Src/system_stm32h7xx_dualcore_boot_cm4_cm7.o
 .debug_macro   0x00000000000383f4       0xa6 Common/Src/system_stm32h7xx_dualcore_boot_cm4_cm7.o
 .debug_macro   0x000000000003849a      0x21e Common/Src/system_stm32h7xx_dualcore_boot_cm4_cm7.o
 .debug_macro   0x00000000000386b8       0x90 Common/Src/system_stm32h7xx_dualcore_boot_cm4_cm7.o
 .debug_macro   0x0000000000038748      0x798 Common/Src/system_stm32h7xx_dualcore_boot_cm4_cm7.o
 .debug_macro   0x0000000000038ee0      0x372 Core/Src/main.o
 .debug_macro   0x0000000000039252      0x1ff Core/Src/main.o
 .debug_macro   0x0000000000039451       0x16 Core/Src/main.o
 .debug_macro   0x0000000000039467       0x35 Core/Src/main.o
 .debug_macro   0x000000000003949c       0x20 Core/Src/main.o
 .debug_macro   0x00000000000394bc      0x33c Core/Src/stm32h7xx_hal_msp.o
 .debug_macro   0x00000000000397f8      0x346 Core/Src/stm32h7xx_it.o
 .debug_macro   0x0000000000039b3e      0x357 Drivers/STM32H7xx_HAL_Driver/stm32h7xx_hal.o
 .debug_macro   0x0000000000039e95      0x32d Drivers/STM32H7xx_HAL_Driver/stm32h7xx_hal_cortex.o
 .debug_macro   0x000000000003a1c2      0x3ba Drivers/STM32H7xx_HAL_Driver/stm32h7xx_hal_eth.o
 .debug_macro   0x000000000003a57c      0x3f2 Drivers/STM32H7xx_HAL_Driver/stm32h7xx_hal_fdcan.o
 .debug_macro   0x000000000003a96e      0x377 Drivers/STM32H7xx_HAL_Driver/stm32h7xx_hal_gpio.o
 .debug_macro   0x000000000003ace5      0x33f Drivers/STM32H7xx_HAL_Driver/stm32h7xx_hal_hsem.o
 .debug_macro   0x000000000003b024      0x32e Drivers/STM32H7xx_HAL_Driver/stm32h7xx_hal_mmc.o
 .debug_macro   0x000000000003b352      0x339 Drivers/STM32H7xx_HAL_Driver/stm32h7xx_hal_pcd.o
 .debug_macro   0x000000000003b68b      0x32d Drivers/STM32H7xx_HAL_Driver/stm32h7xx_hal_pcd_ex.o
 .debug_macro   0x000000000003b9b8      0x366 Drivers/STM32H7xx_HAL_Driver/stm32h7xx_hal_pwr_ex.o
 .debug_macro   0x000000000003bd1e      0x351 Drivers/STM32H7xx_HAL_Driver/stm32h7xx_hal_qspi.o
 .debug_macro   0x000000000003c06f      0x351 Drivers/STM32H7xx_HAL_Driver/stm32h7xx_hal_rcc.o
 .debug_macro   0x000000000003c3c0      0x34b Drivers/STM32H7xx_HAL_Driver/stm32h7xx_hal_rcc_ex.o
 .debug_macro   0x000000000003c70b      0x33c Drivers/STM32H7xx_HAL_Driver/stm32h7xx_hal_sai.o
 .debug_macro   0x000000000003ca47      0x32d Drivers/STM32H7xx_HAL_Driver/stm32h7xx_hal_sdram.o
 .debug_macro   0x000000000003cd74      0x358 Drivers/STM32H7xx_HAL_Driver/stm32h7xx_hal_uart.o
 .debug_macro   0x000000000003d0cc      0x339 Drivers/STM32H7xx_HAL_Driver/stm32h7xx_hal_uart_ex.o
 .debug_macro   0x000000000003d405      0x357 Drivers/STM32H7xx_HAL_Driver/stm32h7xx_ll_fmc.o
 .debug_macro   0x000000000003d75c      0x32e Drivers/STM32H7xx_HAL_Driver/stm32h7xx_ll_sdmmc.o
 .debug_macro   0x000000000003da8a      0x32d Drivers/STM32H7xx_HAL_Driver/stm32h7xx_ll_usb.o

.debug_line     0x0000000000000000    0x15e4f
 .debug_line    0x0000000000000000      0x9fd Common/Src/system_stm32h7xx_dualcore_boot_cm4_cm7.o
 .debug_line    0x00000000000009fd      0xb75 Core/Src/main.o
 .debug_line    0x0000000000001572      0xbd4 Core/Src/stm32h7xx_hal_msp.o
 .debug_line    0x0000000000002146      0xa19 Core/Src/stm32h7xx_it.o
 .debug_line    0x0000000000002b5f       0x87 Core/Startup/startup_stm32h745xihx.o
 .debug_line    0x0000000000002be6      0xea8 Drivers/STM32H7xx_HAL_Driver/stm32h7xx_hal.o
 .debug_line    0x0000000000003a8e      0xcef Drivers/STM32H7xx_HAL_Driver/stm32h7xx_hal_cortex.o
 .debug_line    0x000000000000477d     0x1268 Drivers/STM32H7xx_HAL_Driver/stm32h7xx_hal_eth.o
 .debug_line    0x00000000000059e5     0x16b0 Drivers/STM32H7xx_HAL_Driver/stm32h7xx_hal_fdcan.o
 .debug_line    0x0000000000007095      0xbaa Drivers/STM32H7xx_HAL_Driver/stm32h7xx_hal_gpio.o
 .debug_line    0x0000000000007c3f      0xa96 Drivers/STM32H7xx_HAL_Driver/stm32h7xx_hal_hsem.o
 .debug_line    0x00000000000086d5     0x1337 Drivers/STM32H7xx_HAL_Driver/stm32h7xx_hal_mmc.o
 .debug_line    0x0000000000009a0c      0xf34 Drivers/STM32H7xx_HAL_Driver/stm32h7xx_hal_pcd.o
 .debug_line    0x000000000000a940      0xa9c Drivers/STM32H7xx_HAL_Driver/stm32h7xx_hal_pcd_ex.o
 .debug_line    0x000000000000b3dc      0xe13 Drivers/STM32H7xx_HAL_Driver/stm32h7xx_hal_pwr_ex.o
 .debug_line    0x000000000000c1ef      0xfae Drivers/STM32H7xx_HAL_Driver/stm32h7xx_hal_qspi.o
 .debug_line    0x000000000000d19d      0xd90 Drivers/STM32H7xx_HAL_Driver/stm32h7xx_hal_rcc.o
 .debug_line    0x000000000000df2d     0x1000 Drivers/STM32H7xx_HAL_Driver/stm32h7xx_hal_rcc_ex.o
 .debug_line    0x000000000000ef2d     0x12af Drivers/STM32H7xx_HAL_Driver/stm32h7xx_hal_sai.o
 .debug_line    0x00000000000101dc      0xdb8 Drivers/STM32H7xx_HAL_Driver/stm32h7xx_hal_sdram.o
 .debug_line    0x0000000000010f94     0x1745 Drivers/STM32H7xx_HAL_Driver/stm32h7xx_hal_uart.o
 .debug_line    0x00000000000126d9      0xc20 Drivers/STM32H7xx_HAL_Driver/stm32h7xx_hal_uart_ex.o
 .debug_line    0x00000000000132f9      0xbdb Drivers/STM32H7xx_HAL_Driver/stm32h7xx_ll_fmc.o
 .debug_line    0x0000000000013ed4      0xea1 Drivers/STM32H7xx_HAL_Driver/stm32h7xx_ll_sdmmc.o
 .debug_line    0x0000000000014d75     0x10da Drivers/STM32H7xx_HAL_Driver/stm32h7xx_ll_usb.o

.debug_str      0x0000000000000000   0x196866
 .debug_str     0x0000000000000000   0x18a319 Common/Src/system_stm32h7xx_dualcore_boot_cm4_cm7.o
                                     0x18a853 (size before relaxing)
 .debug_str     0x000000000018a319     0x28f6 Core/Src/main.o
                                     0x18d275 (size before relaxing)
 .debug_str     0x000000000018cc0f      0x1d5 Core/Src/stm32h7xx_hal_msp.o
                                     0x18d02f (size before relaxing)
 .debug_str     0x000000000018cde4       0xbd Core/Src/stm32h7xx_it.o
                                     0x18ad97 (size before relaxing)
 .debug_str     0x000000000018cea1       0x36 Core/Startup/startup_stm32h745xihx.o
                                         0x7f (size before relaxing)
 .debug_str     0x000000000018ced7     0x1252 Drivers/STM32H7xx_HAL_Driver/stm32h7xx_hal.o
                                     0x18bb31 (size before relaxing)
 .debug_str     0x000000000018e129      0x3e2 Drivers/STM32H7xx_HAL_Driver/stm32h7xx_hal_cortex.o
                                     0x18b307 (size before relaxing)
 .debug_str     0x000000000018e50b     0x1049 Drivers/STM32H7xx_HAL_Driver/stm32h7xx_hal_eth.o
                                     0x18c0f9 (size before relaxing)
 .debug_str     0x000000000018f554     0x1bc5 Drivers/STM32H7xx_HAL_Driver/stm32h7xx_hal_fdcan.o
                                     0x18c6ec (size before relaxing)
 .debug_str     0x0000000000191119      0x26b Drivers/STM32H7xx_HAL_Driver/stm32h7xx_hal_gpio.o
                                     0x18ab8d (size before relaxing)
 .debug_str     0x0000000000191384      0x1fd Drivers/STM32H7xx_HAL_Driver/stm32h7xx_hal_hsem.o
                                     0x18a757 (size before relaxing)
 .debug_str     0x0000000000191581      0x732 Drivers/STM32H7xx_HAL_Driver/stm32h7xx_hal_mmc.o
                                     0x18b035 (size before relaxing)
 .debug_str     0x0000000000191cb3      0x56c Drivers/STM32H7xx_HAL_Driver/stm32h7xx_hal_pcd.o
                                     0x18ae77 (size before relaxing)
 .debug_str     0x000000000019221f      0x1f0 Drivers/STM32H7xx_HAL_Driver/stm32h7xx_hal_pcd_ex.o
                                     0x18aaf0 (size before relaxing)
 .debug_str     0x000000000019240f      0x6ea Drivers/STM32H7xx_HAL_Driver/stm32h7xx_hal_pwr_ex.o
                                     0x18aed6 (size before relaxing)
 .debug_str     0x0000000000192af9      0x6c0 Drivers/STM32H7xx_HAL_Driver/stm32h7xx_hal_qspi.o
                                     0x18b10e (size before relaxing)
 .debug_str     0x00000000001931b9      0x55a Drivers/STM32H7xx_HAL_Driver/stm32h7xx_hal_rcc.o
                                     0x18adb9 (size before relaxing)
 .debug_str     0x0000000000193713      0x9ac Drivers/STM32H7xx_HAL_Driver/stm32h7xx_hal_rcc_ex.o
                                     0x18b2d3 (size before relaxing)
 .debug_str     0x00000000001940bf      0x480 Drivers/STM32H7xx_HAL_Driver/stm32h7xx_hal_sai.o
                                     0x18afd1 (size before relaxing)
 .debug_str     0x000000000019453f      0x32a Drivers/STM32H7xx_HAL_Driver/stm32h7xx_hal_sdram.o
                                     0x18adc0 (size before relaxing)
 .debug_str     0x0000000000194869      0x96b Drivers/STM32H7xx_HAL_Driver/stm32h7xx_hal_uart.o
                                     0x18b6ce (size before relaxing)
 .debug_str     0x00000000001951d4      0x2bf Drivers/STM32H7xx_HAL_Driver/stm32h7xx_hal_uart_ex.o
                                     0x18ad18 (size before relaxing)
 .debug_str     0x0000000000195493      0x867 Drivers/STM32H7xx_HAL_Driver/stm32h7xx_ll_fmc.o
                                     0x18afc8 (size before relaxing)
 .debug_str     0x0000000000195cfa      0x4c4 Drivers/STM32H7xx_HAL_Driver/stm32h7xx_ll_sdmmc.o
                                     0x18abb7 (size before relaxing)
 .debug_str     0x00000000001961be      0x6a8 Drivers/STM32H7xx_HAL_Driver/stm32h7xx_ll_usb.o
                                     0x18afe2 (size before relaxing)

.comment        0x0000000000000000       0x7b
 .comment       0x0000000000000000       0x7b Common/Src/system_stm32h7xx_dualcore_boot_cm4_cm7.o
                                         0x7c (size before relaxing)
 .comment       0x000000000000007b       0x7c Core/Src/main.o
 .comment       0x000000000000007b       0x7c Core/Src/stm32h7xx_hal_msp.o
 .comment       0x000000000000007b       0x7c Core/Src/stm32h7xx_it.o
 .comment       0x000000000000007b       0x7c Drivers/STM32H7xx_HAL_Driver/stm32h7xx_hal.o
 .comment       0x000000000000007b       0x7c Drivers/STM32H7xx_HAL_Driver/stm32h7xx_hal_cortex.o
 .comment       0x000000000000007b       0x7c Drivers/STM32H7xx_HAL_Driver/stm32h7xx_hal_eth.o
 .comment       0x000000000000007b       0x7c Drivers/STM32H7xx_HAL_Driver/stm32h7xx_hal_fdcan.o
 .comment       0x000000000000007b       0x7c Drivers/STM32H7xx_HAL_Driver/stm32h7xx_hal_gpio.o
 .comment       0x000000000000007b       0x7c Drivers/STM32H7xx_HAL_Driver/stm32h7xx_hal_hsem.o
 .comment       0x000000000000007b       0x7c Drivers/STM32H7xx_HAL_Driver/stm32h7xx_hal_mmc.o
 .comment       0x000000000000007b       0x7c Drivers/STM32H7xx_HAL_Driver/stm32h7xx_hal_pcd.o
 .comment       0x000000000000007b       0x7c Drivers/STM32H7xx_HAL_Driver/stm32h7xx_hal_pcd_ex.o
 .comment       0x000000000000007b       0x7c Drivers/STM32H7xx_HAL_Driver/stm32h7xx_hal_pwr_ex.o
 .comment       0x000000000000007b       0x7c Drivers/STM32H7xx_HAL_Driver/stm32h7xx_hal_qspi.o
 .comment       0x000000000000007b       0x7c Drivers/STM32H7xx_HAL_Driver/stm32h7xx_hal_rcc.o
 .comment       0x000000000000007b       0x7c Drivers/STM32H7xx_HAL_Driver/stm32h7xx_hal_rcc_ex.o
 .comment       0x000000000000007b       0x7c Drivers/STM32H7xx_HAL_Driver/stm32h7xx_hal_sai.o
 .comment       0x000000000000007b       0x7c Drivers/STM32H7xx_HAL_Driver/stm32h7xx_hal_sdram.o
 .comment       0x000000000000007b       0x7c Drivers/STM32H7xx_HAL_Driver/stm32h7xx_hal_uart.o
 .comment       0x000000000000007b       0x7c Drivers/STM32H7xx_HAL_Driver/stm32h7xx_hal_uart_ex.o
 .comment       0x000000000000007b       0x7c Drivers/STM32H7xx_HAL_Driver/stm32h7xx_ll_fmc.o
 .comment       0x000000000000007b       0x7c Drivers/STM32H7xx_HAL_Driver/stm32h7xx_ll_sdmmc.o
 .comment       0x000000000000007b       0x7c Drivers/STM32H7xx_HAL_Driver/stm32h7xx_ll_usb.o

.debug_frame    0x0000000000000000     0x7680
 .debug_frame   0x0000000000000000       0x58 Common/Src/system_stm32h7xx_dualcore_boot_cm4_cm7.o
 .debug_frame   0x0000000000000058      0x178 Core/Src/main.o
 .debug_frame   0x00000000000001d0      0x2bc Core/Src/stm32h7xx_hal_msp.o
 .debug_frame   0x000000000000048c      0x10c Core/Src/stm32h7xx_it.o
 .debug_frame   0x0000000000000598      0x8c8 Drivers/STM32H7xx_HAL_Driver/stm32h7xx_hal.o
 .debug_frame   0x0000000000000e60      0x4b8 Drivers/STM32H7xx_HAL_Driver/stm32h7xx_hal_cortex.o
 .debug_frame   0x0000000000001318      0x7d0 Drivers/STM32H7xx_HAL_Driver/stm32h7xx_hal_eth.o
 .debug_frame   0x0000000000001ae8      0xf9c Drivers/STM32H7xx_HAL_Driver/stm32h7xx_hal_fdcan.o
 .debug_frame   0x0000000000002a84      0x14c Drivers/STM32H7xx_HAL_Driver/stm32h7xx_hal_gpio.o
 .debug_frame   0x0000000000002bd0      0x1bc Drivers/STM32H7xx_HAL_Driver/stm32h7xx_hal_hsem.o
 .debug_frame   0x0000000000002d8c      0x6ac Drivers/STM32H7xx_HAL_Driver/stm32h7xx_hal_mmc.o
 .debug_frame   0x0000000000003438      0x54c Drivers/STM32H7xx_HAL_Driver/stm32h7xx_hal_pcd.o
 .debug_frame   0x0000000000003984      0x174 Drivers/STM32H7xx_HAL_Driver/stm32h7xx_hal_pcd_ex.o
 .debug_frame   0x0000000000003af8      0x5ec Drivers/STM32H7xx_HAL_Driver/stm32h7xx_hal_pwr_ex.o
 .debug_frame   0x00000000000040e4      0x5ec Drivers/STM32H7xx_HAL_Driver/stm32h7xx_hal_qspi.o
 .debug_frame   0x00000000000046d0      0x1f8 Drivers/STM32H7xx_HAL_Driver/stm32h7xx_hal_rcc.o
 .debug_frame   0x00000000000048c8      0x41c Drivers/STM32H7xx_HAL_Driver/stm32h7xx_hal_rcc_ex.o
 .debug_frame   0x0000000000004ce4      0x69c Drivers/STM32H7xx_HAL_Driver/stm32h7xx_hal_sai.o
 .debug_frame   0x0000000000005380      0x3f0 Drivers/STM32H7xx_HAL_Driver/stm32h7xx_hal_sdram.o
 .debug_frame   0x0000000000005770      0xa0c Drivers/STM32H7xx_HAL_Driver/stm32h7xx_hal_uart.o
 .debug_frame   0x000000000000617c      0x22c Drivers/STM32H7xx_HAL_Driver/stm32h7xx_hal_uart_ex.o
 .debug_frame   0x00000000000063a8      0x37c Drivers/STM32H7xx_HAL_Driver/stm32h7xx_ll_fmc.o
 .debug_frame   0x0000000000006724      0x6f8 Drivers/STM32H7xx_HAL_Driver/stm32h7xx_ll_sdmmc.o
 .debug_frame   0x0000000000006e1c      0x790 Drivers/STM32H7xx_HAL_Driver/stm32h7xx_ll_usb.o
 .debug_frame   0x00000000000075ac       0x2c c:/st/stm32cubeide_1.4.0/stm32cubeide/plugins/com.st.stm32cube.ide.mcu.externaltools.gnu-tools-for-stm32.7-2018-q2-update.win32_1.4.0.202007081208/tools/bin/../lib/gcc/arm-none-eabi/7.3.1/../../../../arm-none-eabi/lib/thumb/v7e-m/fpv4-sp/hard\libc_nano.a(lib_a-init.o)
 .debug_frame   0x00000000000075d8       0x28 c:/st/stm32cubeide_1.4.0/stm32cubeide/plugins/com.st.stm32cube.ide.mcu.externaltools.gnu-tools-for-stm32.7-2018-q2-update.win32_1.4.0.202007081208/tools/bin/../lib/gcc/arm-none-eabi/7.3.1/../../../../arm-none-eabi/lib/thumb/v7e-m/fpv4-sp/hard\libc_nano.a(lib_a-memcpy-stub.o)
 .debug_frame   0x0000000000007600       0x20 c:/st/stm32cubeide_1.4.0/stm32cubeide/plugins/com.st.stm32cube.ide.mcu.externaltools.gnu-tools-for-stm32.7-2018-q2-update.win32_1.4.0.202007081208/tools/bin/../lib/gcc/arm-none-eabi/7.3.1/../../../../arm-none-eabi/lib/thumb/v7e-m/fpv4-sp/hard\libc_nano.a(lib_a-memset.o)
 .debug_frame   0x0000000000007620       0x2c c:/st/stm32cubeide_1.4.0/stm32cubeide/plugins/com.st.stm32cube.ide.mcu.externaltools.gnu-tools-for-stm32.7-2018-q2-update.win32_1.4.0.202007081208/tools/bin/../lib/gcc/arm-none-eabi/7.3.1/thumb/v7e-m/fpv4-sp/hard\libgcc.a(_aeabi_uldivmod.o)
 .debug_frame   0x000000000000764c       0x34 c:/st/stm32cubeide_1.4.0/stm32cubeide/plugins/com.st.stm32cube.ide.mcu.externaltools.gnu-tools-for-stm32.7-2018-q2-update.win32_1.4.0.202007081208/tools/bin/../lib/gcc/arm-none-eabi/7.3.1/thumb/v7e-m/fpv4-sp/hard\libgcc.a(_udivmoddi4.o)
