stm32h7xx_hal_msp.c:64:6:HAL_MspInit	16	static
stm32h7xx_hal_msp.c:85:6:HAL_ETH_MspInit	80	static
stm32h7xx_hal_msp.c:187:6:HAL_ETH_MspDeInit	16	static
stm32h7xx_hal_msp.c:248:6:HAL_FDCAN_MspInit	56	static
stm32h7xx_hal_msp.c:314:6:HAL_FDCAN_MspDeInit	16	static
stm32h7xx_hal_msp.c:367:6:HAL_QSPI_MspInit	56	static
stm32h7xx_hal_msp.c:430:6:HAL_QSPI_MspDeInit	16	static
stm32h7xx_hal_msp.c:467:6:HAL_MMC_MspInit	56	static
stm32h7xx_hal_msp.c:528:6:HAL_MMC_MspDeInit	16	static
stm32h7xx_hal_msp.c:570:6:HAL_UART_MspInit	48	static
stm32h7xx_hal_msp.c:606:6:HAL_UART_MspDeInit	16	static
stm32h7xx_hal_msp.c:635:6:HAL_PCD_MspInit	48	static
stm32h7xx_hal_msp.c:677:6:HAL_PCD_MspDeInit	16	static
stm32h7xx_hal_msp.c:703:13:HAL_FMC_MspInit	32	static
stm32h7xx_hal_msp.c:802:6:HAL_SDRAM_MspInit	16	static
stm32h7xx_hal_msp.c:814:13:HAL_FMC_MspDeInit	8	static
stm32h7xx_hal_msp.c:886:6:HAL_SDRAM_MspDeInit	16	static
stm32h7xx_hal_msp.c:898:6:HAL_SAI_MspInit	48	static
stm32h7xx_hal_msp.c:948:6:HAL_SAI_MspDeInit	16	static
