stm32h7xx_hal_mmc.c:315:19:HAL_MMC_Init	16	static
stm32h7xx_hal_mmc.c:386:19:HAL_MMC_InitCard	72	static
stm32h7xx_hal_mmc.c:458:19:HAL_MMC_DeInit	16	static
stm32h7xx_hal_mmc.c:499:13:HAL_MMC_MspInit	16	static
stm32h7xx_hal_mmc.c:514:13:HAL_MMC_MspDeInit	16	static
stm32h7xx_hal_mmc.c:555:19:HAL_MMC_ReadBlocks	80	static
stm32h7xx_hal_mmc.c:728:19:HAL_MMC_WriteBlocks	80	static
stm32h7xx_hal_mmc.c:902:19:HAL_MMC_ReadBlocks_IT	56	static
stm32h7xx_hal_mmc.c:995:19:HAL_MMC_WriteBlocks_IT	56	static
stm32h7xx_hal_mmc.c:1089:19:HAL_MMC_ReadBlocks_DMA	56	static
stm32h7xx_hal_mmc.c:1185:19:HAL_MMC_WriteBlocks_DMA	56	static
stm32h7xx_hal_mmc.c:1278:19:HAL_MMC_Erase	40	static
stm32h7xx_hal_mmc.c:1375:6:HAL_MMC_IRQHandler	24	static
stm32h7xx_hal_mmc.c:1611:22:HAL_MMC_GetState	16	static
stm32h7xx_hal_mmc.c:1622:10:HAL_MMC_GetError	16	static
stm32h7xx_hal_mmc.c:1632:13:HAL_MMC_TxCpltCallback	16	static
stm32h7xx_hal_mmc.c:1647:13:HAL_MMC_RxCpltCallback	16	static
stm32h7xx_hal_mmc.c:1662:13:HAL_MMC_ErrorCallback	16	static
stm32h7xx_hal_mmc.c:1677:13:HAL_MMC_AbortCallback	16	static
stm32h7xx_hal_mmc.c:1920:19:HAL_MMC_GetCardCID	16	static
stm32h7xx_hal_mmc.c:1953:19:HAL_MMC_GetCardCSD	24	static
stm32h7xx_hal_mmc.c:2071:19:HAL_MMC_GetCardInfo	16	static
stm32h7xx_hal_mmc.c:2095:19:HAL_MMC_ConfigWideBusOperation	80	static
stm32h7xx_hal_mmc.c:2199:19:HAL_MMC_ConfigSpeedBusOperation	32	static
stm32h7xx_hal_mmc.c:2348:26:HAL_MMC_GetCardState	32	static
stm32h7xx_hal_mmc.c:2371:19:HAL_MMC_Abort	24	static
stm32h7xx_hal_mmc.c:2408:19:HAL_MMC_Abort_IT	24	static
stm32h7xx_hal_mmc.c:2462:19:HAL_MMC_EraseSequence	40	static
stm32h7xx_hal_mmc.c:2581:19:HAL_MMC_Sanitize	32	static
stm32h7xx_hal_mmc.c:2688:19:HAL_MMC_ConfigSecRemovalType	40	static,ignoring_inline_asm
stm32h7xx_hal_mmc.c:2789:19:HAL_MMC_GetSupportedSecRemovalType	24	static
stm32h7xx_hal_mmc.c:2851:17:MMC_InitCard	120	static
stm32h7xx_hal_mmc.c:2948:17:MMC_PowerON	32	static
stm32h7xx_hal_mmc.c:3000:13:MMC_PowerOFF	16	static
stm32h7xx_hal_mmc.c:3013:17:MMC_SendStatus	24	static
stm32h7xx_hal_mmc.c:3043:19:MMC_ReadExtCSD	72	static
stm32h7xx_hal_mmc.c:3127:13:MMC_Read_IT	32	static
stm32h7xx_hal_mmc.c:3161:13:MMC_Write_IT	32	static
stm32h7xx_hal_mmc.c:3195:17:MMC_HighSpeed	80	static
stm32h7xx_hal_mmc.c:3281:17:MMC_DDR_Mode	32	static
stm32h7xx_hal_mmc.c:3370:13:HAL_MMCEx_Read_DMADoubleBuf0CpltCallback	16	static
stm32h7xx_hal_mmc.c:3385:13:HAL_MMCEx_Read_DMADoubleBuf1CpltCallback	16	static
stm32h7xx_hal_mmc.c:3400:13:HAL_MMCEx_Write_DMADoubleBuf0CpltCallback	16	static
stm32h7xx_hal_mmc.c:3415:13:HAL_MMCEx_Write_DMADoubleBuf1CpltCallback	16	static
